Component: ARM Compiler 5.06 update 7 (build 960) Tool: armlink [4d3601]

==============================================================================

Section Cross References

    startup_stm32h743xx.o(STACK) refers (Special) to heapauxi.o(.text) for __use_two_region_memory
    startup_stm32h743xx.o(HEAP) refers (Special) to heapauxi.o(.text) for __use_two_region_memory
    startup_stm32h743xx.o(RESET) refers (Special) to heapauxi.o(.text) for __use_two_region_memory
    startup_stm32h743xx.o(RESET) refers to startup_stm32h743xx.o(STACK) for __initial_sp
    startup_stm32h743xx.o(RESET) refers to startup_stm32h743xx.o(.text) for Reset_Handler
    startup_stm32h743xx.o(RESET) refers to stm32h7xx_it.o(i.NMI_Handler) for NMI_Handler
    startup_stm32h743xx.o(RESET) refers to stm32h7xx_it.o(i.HardFault_Handler) for HardFault_Handler
    startup_stm32h743xx.o(RESET) refers to stm32h7xx_it.o(i.MemManage_Handler) for MemManage_Handler
    startup_stm32h743xx.o(RESET) refers to stm32h7xx_it.o(i.BusFault_Handler) for BusFault_Handler
    startup_stm32h743xx.o(RESET) refers to stm32h7xx_it.o(i.UsageFault_Handler) for UsageFault_Handler
    startup_stm32h743xx.o(RESET) refers to port.o(.emb_text) for SVC_Handler
    startup_stm32h743xx.o(RESET) refers to stm32h7xx_it.o(i.DebugMon_Handler) for DebugMon_Handler
    startup_stm32h743xx.o(RESET) refers to stm32h7xx_it.o(i.SysTick_Handler) for SysTick_Handler
    startup_stm32h743xx.o(RESET) refers to stm32h7xx_it.o(i.DMA1_Stream0_IRQHandler) for DMA1_Stream0_IRQHandler
    startup_stm32h743xx.o(RESET) refers to stm32h7xx_it.o(i.DMA1_Stream1_IRQHandler) for DMA1_Stream1_IRQHandler
    startup_stm32h743xx.o(RESET) refers to stm32h7xx_it.o(i.DMA1_Stream2_IRQHandler) for DMA1_Stream2_IRQHandler
    startup_stm32h743xx.o(RESET) refers to stm32h7xx_it.o(i.DMA1_Stream3_IRQHandler) for DMA1_Stream3_IRQHandler
    startup_stm32h743xx.o(RESET) refers to stm32h7xx_it.o(i.SPI1_IRQHandler) for SPI1_IRQHandler
    startup_stm32h743xx.o(RESET) refers to stm32h7xx_it.o(i.USART3_IRQHandler) for USART3_IRQHandler
    startup_stm32h743xx.o(.text) refers (Special) to heapauxi.o(.text) for __use_two_region_memory
    startup_stm32h743xx.o(.text) refers to system_stm32h7xx.o(i.SystemInit) for SystemInit
    startup_stm32h743xx.o(.text) refers to __main.o(!!!main) for __main
    startup_stm32h743xx.o(.text) refers to startup_stm32h743xx.o(HEAP) for Heap_Mem
    startup_stm32h743xx.o(.text) refers to startup_stm32h743xx.o(STACK) for Stack_Mem
    communication.o(i.HAL_SPI_RxCpltCallback) refers to communication.o(i.SCB_InvalidateDCache_by_Addr) for SCB_InvalidateDCache_by_Addr
    communication.o(i.HAL_SPI_RxCpltCallback) refers to spi.o(.bss) for hspi1
    communication.o(i.HAL_SPI_RxCpltCallback) refers to communication.o(.data) for .data
    communication.o(i.HAL_SPI_RxCpltCallback) refers to communication.o(.SRAM) for .SRAM
    communication.o(i.HAL_SPI_TxCpltCallback) refers to communication.o(i.SCB_CleanDCache_by_Addr) for SCB_CleanDCache_by_Addr
    communication.o(i.HAL_SPI_TxCpltCallback) refers to stm32h7xx_hal_spi.o(i.HAL_SPI_Transmit_DMA) for HAL_SPI_Transmit_DMA
    communication.o(i.HAL_SPI_TxCpltCallback) refers to stm32h7xx_hal_spi.o(i.HAL_SPI_Receive_DMA) for HAL_SPI_Receive_DMA
    communication.o(i.HAL_SPI_TxCpltCallback) refers to spi.o(.bss) for hspi1
    communication.o(i.HAL_SPI_TxCpltCallback) refers to communication.o(.data) for .data
    communication.o(i.HAL_SPI_TxCpltCallback) refers to communication.o(.SRAM) for .SRAM
    communication.o(i.HAL_SPI_TxRxCpltCallback) refers to communication.o(i.SCB_InvalidateDCache_by_Addr) for SCB_InvalidateDCache_by_Addr
    communication.o(i.HAL_SPI_TxRxCpltCallback) refers to spi.o(.bss) for hspi1
    communication.o(i.HAL_SPI_TxRxCpltCallback) refers to communication.o(.data) for .data
    communication.o(i.HAL_SPI_TxRxCpltCallback) refers to communication.o(.SRAM) for .SRAM
    communication.o(i.HAL_UART_RxCpltCallback) refers to usart.o(.bss) for huart3
    communication.o(i.HAL_UART_RxCpltCallback) refers to communication.o(.data) for .data
    communication.o(i.HAL_UART_TxCpltCallback) refers to usart.o(.bss) for huart3
    communication.o(i.HAL_UART_TxCpltCallback) refers to communication.o(.data) for .data
    communication.o(i.ReadFromRegisterBySPI) refers to tasks.o(i.xTaskGetTickCount) for xTaskGetTickCount
    communication.o(i.ReadFromRegisterBySPI) refers to communication.o(i.SCB_CleanDCache_by_Addr) for SCB_CleanDCache_by_Addr
    communication.o(i.ReadFromRegisterBySPI) refers to stm32h7xx_hal_spi.o(i.HAL_SPI_Transmit_DMA) for HAL_SPI_Transmit_DMA
    communication.o(i.ReadFromRegisterBySPI) refers to cmsis_os2.o(i.osDelay) for osDelay
    communication.o(i.ReadFromRegisterBySPI) refers to rt_memcpy_v6.o(.text) for __aeabi_memcpy
    communication.o(i.ReadFromRegisterBySPI) refers to spi.o(.bss) for hspi1
    communication.o(i.ReadFromRegisterBySPI) refers to communication.o(.data) for .data
[...]
    prvInsertBlockIntoFreeList               0x08005c75   Thumb Code    72  heap_4.o(i.prvInsertBlockIntoFreeList)
    i.prvInsertTimerInActiveList             0x08005cc0   Section        0  timers.o(i.prvInsertTimerInActiveList)
    prvInsertTimerInActiveList               0x08005cc1   Thumb Code    54  timers.o(i.prvInsertTimerInActiveList)
    i.prvIsQueueEmpty                        0x08005cfc   Section        0  queue.o(i.prvIsQueueEmpty)
    prvIsQueueEmpty                          0x08005cfd   Thumb Code    28  queue.o(i.prvIsQueueEmpty)
    i.prvProcessReceivedCommands             0x08005d18   Section        0  timers.o(i.prvProcessReceivedCommands)
    prvProcessReceivedCommands               0x08005d19   Thumb Code   242  timers.o(i.prvProcessReceivedCommands)
    i.prvProcessTimerOrBlockTask             0x08005e10   Section        0  timers.o(i.prvProcessTimerOrBlockTask)
    prvProcessTimerOrBlockTask               0x08005e11   Thumb Code   182  timers.o(i.prvProcessTimerOrBlockTask)
    i.prvResetNextTaskUnblockTime            0x08005ed0   Section        0  tasks.o(i.prvResetNextTaskUnblockTime)
    prvResetNextTaskUnblockTime              0x08005ed1   Thumb Code    26  tasks.o(i.prvResetNextTaskUnblockTime)
    i.prvSampleTimeNow                       0x08005ef0   Section        0  timers.o(i.prvSampleTimeNow)
    prvSampleTimeNow                         0x08005ef1   Thumb Code    36  timers.o(i.prvSampleTimeNow)
    i.prvSwitchTimerLists                    0x08005f18   Section        0  timers.o(i.prvSwitchTimerLists)
    prvSwitchTimerLists                      0x08005f19   Thumb Code   104  timers.o(i.prvSwitchTimerLists)
    i.prvTaskExitError                       0x08005f84   Section        0  port.o(i.prvTaskExitError)
    prvTaskExitError                         0x08005f85   Thumb Code    36  port.o(i.prvTaskExitError)
    i.prvTimerTask                           0x08005fac   Section        0  timers.o(i.prvTimerTask)
    prvTimerTask                             0x08005fad   Thumb Code    32  timers.o(i.prvTimerTask)
    i.prvUnlockQueue                         0x08005fd0   Section        0  queue.o(i.prvUnlockQueue)
    prvUnlockQueue                           0x08005fd1   Thumb Code   106  queue.o(i.prvUnlockQueue)
    i.pvPortMalloc                           0x0800603c   Section        0  heap_4.o(i.pvPortMalloc)
    i.pxPortInitialiseStack                  0x08006114   Section        0  port.o(i.pxPortInitialiseStack)
    i.uxListRemove                           0x08006144   Section        0  list.o(i.uxListRemove)
    i.vApplicationGetIdleTaskMemory          0x0800616c   Section        0  cmsis_os2.o(i.vApplicationGetIdleTaskMemory)
    i.vApplicationGetTimerTaskMemory         0x08006184   Section        0  cmsis_os2.o(i.vApplicationGetTimerTaskMemory)
    i.vListInitialise                        0x0800619c   Section        0  list.o(i.vListInitialise)
    i.vListInitialiseItem                    0x080061b2   Section        0  list.o(i.vListInitialiseItem)
    i.vListInsert                            0x080061b8   Section        0  list.o(i.vListInsert)
    i.vListInsertEnd                         0x080061e8   Section        0  list.o(i.vListInsertEnd)
    i.vPortEnterCritical                     0x08006200   Section        0  port.o(i.vPortEnterCritical)
    i.vPortExitCritical                      0x08006240   Section        0  port.o(i.vPortExitCritical)
    i.vPortFree                              0x08006268   Section        0  heap_4.o(i.vPortFree)
    i.vPortSetupTimerInterrupt               0x080062c4   Section        0  port.o(i.vPortSetupTimerInterrupt)
    i.vPortValidateInterruptPriority         0x080062e8   Section        0  port.o(i.vPortValidateInterruptPriority)
    i.vQueueAddToRegistry                    0x0800633c   Section        0  queue.o(i.vQueueAddToRegistry)
    i.vQueueWaitForMessageRestricted         0x08006364   Section        0  queue.o(i.vQueueWaitForMessageRestricted)
    i.vTaskDelay                             0x080063a8   Section        0  tasks.o(i.vTaskDelay)
    i.vTaskInternalSetTimeOutState           0x080063f4   Section        0  tasks.o(i.vTaskInternalSetTimeOutState)
    i.vTaskMissedYield                       0x08006404   Section        0  tasks.o(i.vTaskMissedYield)
    i.vTaskPlaceOnEventList                  0x08006410   Section        0  tasks.o(i.vTaskPlaceOnEventList)
    i.vTaskPlaceOnEventListRestricted        0x08006440   Section        0  tasks.o(i.vTaskPlaceOnEventListRestricted)
    i.vTaskStartScheduler                    0x08006478   Section        0  tasks.o(i.vTaskStartScheduler)
    i.vTaskSuspendAll                        0x08006500   Section        0  tasks.o(i.vTaskSuspendAll)
    i.vTaskSwitchContext                     0x08006510   Section        0  tasks.o(i.vTaskSwitchContext)
    i.xPortStartScheduler                    0x08006574   Section        0  port.o(i.xPortStartScheduler)
    i.xPortSysTickHandler                    0x08006668   Section        0  port.o(i.xPortSysTickHandler)
    i.xQueueGenericCreateStatic              0x08006694   Section        0  queue.o(i.xQueueGenericCreateStatic)
    i.xQueueGenericReset                     0x080066fc   Section        0  queue.o(i.xQueueGenericReset)
    i.xQueueGenericSend                      0x08006790   Section        0  queue.o(i.xQueueGenericSend)
    i.xQueueGenericSendFromISR               0x080068f0   Section        0  queue.o(i.xQueueGenericSendFromISR)
    i.xQueueReceive                          0x080069ac   Section        0  queue.o(i.xQueueReceive)
    i.xTaskCheckForTimeOut                   0x08006ae8   Section        0  tasks.o(i.xTaskCheckForTimeOut)
    i.xTaskCreate                            0x08006b60   Section        0  tasks.o(i.xTaskCreate)
    i.xTaskCreateStatic                      0x08006bba   Section        0  tasks.o(i.xTaskCreateStatic)
    i.xTaskGetSchedulerState                 0x08006c10   Section        0  tasks.o(i.xTaskGetSchedulerState)
    i.xTaskGetTickCount                      0x08006c2c   Section        0  tasks.o(i.xTaskGetTickCount)
    i.xTaskIncrementTick                     0x08006c38   Section        0  tasks.o(i.xTaskIncrementTick)
    i.xTaskPriorityDisinherit                0x08006d00   Section        0  tasks.o(i.xTaskPriorityDisinherit)
    i.xTaskRemoveFromEventList               0x08006d7c   Section        0  tasks.o(i.xTaskRemoveFromEventList)
    i.xTaskResumeAll                         0x08006dec   Section        0  tasks.o(i.xTaskResumeAll)
    i.xTimerCreateTimerTask                  0x08006eb0   Section        0  timers.o(i.xTimerCreateTimerTask)
    i.xTimerGenericCommand                   0x08006f10   Section        0  timers.o(i.xTimerGenericCommand)
    x$fpl$fpinit                             0x08006f78   Section       10  fpinit.o(x$fpl$fpinit)
    $v0                                      0x08006f78   Number         0  fpinit.o(x$fpl$fpinit)
    .constdata                               0x08006f84   Section       36  freertos.o(.constdata)
    .constdata                               0x08006fa8   Section        8  stm32h7xx_hal_dma.o(.constdata)
    flagBitshiftOffset                       0x08006fa8   Data           8  stm32h7xx_hal_dma.o(.constdata)
    .constdata                               0x08006fb0   Section       24  stm32h7xx_hal_uart.o(.constdata)
    .constdata                               0x08006fc8   Section       16  system_stm32h7xx.o(.constdata)
    .conststring                             0x08006fd8   Section       12  freertos.o(.conststring)
    .SRAM                                    0x24000000   Section      800  communication.o(.SRAM)
    .data                                    0x24000320   Section        6  communication.o(.data)
    .data                                    0x24000328   Section        4  freertos.o(.data)
    .data                                    0x2400032c   Section       12  stm32h7xx_hal.o(.data)
    .data                                    0x24000338   Section        8  system_stm32h7xx.o(.data)
    .data                                    0x24000340   Section       60  tasks.o(.data)
    pxDelayedTaskList                        0x24000344   Data           4  tasks.o(.data)
    pxOverflowDelayedTaskList                0x24000348   Data           4  tasks.o(.data)
    uxDeletedTasksWaitingCleanUp             0x2400034c   Data           4  tasks.o(.data)
    uxCurrentNumberOfTasks                   0x24000350   Data           4  tasks.o(.data)
    xTickCount                               0x24000354   Data           4  tasks.o(.data)
    uxTopReadyPriority                       0x24000358   Data           4  tasks.o(.data)
    xSchedulerRunning                        0x2400035c   Data           4  tasks.o(.data)
    uxPendedTicks                            0x24000360   Data           4  tasks.o(.data)
    xYieldPending                            0x24000364   Data           4  tasks.o(.data)
    xNumOfOverflows                          0x24000368   Data           4  tasks.o(.data)
    uxTaskNumber                             0x2400036c   Data           4  tasks.o(.data)
    xNextTaskUnblockTime                     0x24000370   Data           4  tasks.o(.data)
    xIdleTaskHandle                          0x24000374   Data           4  tasks.o(.data)
    uxSchedulerSuspended                     0x24000378   Data           4  tasks.o(.data)
    .data                                    0x2400037c   Section       20  timers.o(.data)
    pxCurrentTimerList                       0x2400037c   Data           4  timers.o(.data)
    pxOverflowTimerList                      0x24000380   Data           4  timers.o(.data)
    xTimerQueue                              0x24000384   Data           4  timers.o(.data)
    xTimerTaskHandle                         0x24000388   Data           4  timers.o(.data)
    xLastTime                                0x2400038c   Data           4  timers.o(.data)
    .data                                    0x24000390   Section        4  cmsis_os2.o(.data)
    KernelState                              0x24000390   Data           4  cmsis_os2.o(.data)
    .data                                    0x24000394   Section       24  heap_4.o(.data)
    pxEnd                                    0x24000394   Data           4  heap_4.o(.data)
    xFreeBytesRemaining                      0x24000398   Data           4  heap_4.o(.data)
    xMinimumEverFreeBytesRemaining           0x2400039c   Data           4  heap_4.o(.data)
    xBlockAllocatedBit                       0x240003a0   Data           4  heap_4.o(.data)
    xStart                                   0x240003a4   Data           8  heap_4.o(.data)
    .data                                    0x240003ac   Section       12  port.o(.data)
    ucMaxSysCallPriority                     0x240003ac   Data           1  port.o(.data)
    uxCriticalNesting                        0x240003b0   Data           4  port.o(.data)
    ulMaxPRIGROUPValue                       0x240003b4   Data           4  port.o(.data)
    .bss                                     0x240003b8   Section      376  spi.o(.bss)
    .bss                                     0x24000530   Section      380  usart.o(.bss)
    .bss                                     0x240006ac   Section       64  queue.o(.bss)
    .bss                                     0x240006ec   Section     1220  tasks.o(.bss)
    pxReadyTasksLists                        0x240006ec   Data        1120  tasks.o(.bss)
    xDelayedTaskList1                        0x24000b4c   Data          20  tasks.o(.bss)
    xDelayedTaskList2                        0x24000b60   Data          20  tasks.o(.bss)
    xPendingReadyList                        0x24000b74   Data          20  tasks.o(.bss)
    xTasksWaitingTermination                 0x24000b88   Data          20  tasks.o(.bss)
    xSuspendedTaskList                       0x24000b9c   Data          20  tasks.o(.bss)
    .bss                                     0x24000bb0   Section      280  timers.o(.bss)
    xActiveTimerList1                        0x24000bb0   Data          20  timers.o(.bss)
    xActiveTimerList2                        0x24000bc4   Data          20  timers.o(.bss)
    xStaticTimerQueue                        0x24000bd8   Data          80  timers.o(.bss)
    ucStaticTimerQueueStorage                0x24000c28   Data         160  timers.o(.bss)
    .bss                                     0x24000cc8   Section     1720  cmsis_os2.o(.bss)
    Idle_TCB                                 0x24000cc8   Data          92  cmsis_os2.o(.bss)
    Idle_Stack                               0x24000d24   Data         512  cmsis_os2.o(.bss)
    Timer_TCB                                0x24000f24   Data          92  cmsis_os2.o(.bss)
    Timer_Stack                              0x24000f80   Data        1024  cmsis_os2.o(.bss)
    .bss                                     0x24001380   Section    15360  heap_4.o(.bss)
    ucHeap                                   0x24001380   Data       15360  heap_4.o(.bss)
    .bss                                     0x24004f80   Section       96  libspace.o(.bss)
    HEAP                                     0x24004fe0   Section     8192  startup_stm32h743xx.o(HEAP)
    Heap_Mem                                 0x24004fe0   Data        8192  startup_stm32h743xx.o(HEAP)
    STACK                                    0x24006fe0   Section    16384  startup_stm32h743xx.o(STACK)
    Stack_Mem                                0x24006fe0   Data       16384  startup_stm32h743xx.o(STACK)
    __initial_sp                             0x2400afe0   Data           0  startup_stm32h743xx.o(STACK)

    Global Symbols

    Symbol Name                              Value     Ov Type        Size  Object(Section)

    BuildAttributes$$THM_ISAv4$E$P$D$K$B$S$7EM$VFPv5_D16$PE$PLD8$A:L22UL41UL21$X:L11$S22US41US21$IEEE1$IW$USESV6$~STKCKD$USESV7$~SHL$OSPACE$ROPI$EBA8$UX$STANDARDLIB$REQ8$PRES8$EABIv2 0x00000000   Number         0  anon$$obj.o ABSOLUTE
    __ARM_use_no_argv                        0x00000000   Number         0  main.o ABSOLUTE
    __ARM_exceptions_init                     - Undefined Weak Reference
    __alloca_initialize                       - Undefined Weak Reference
    __arm_fini_                               - Undefined Weak Reference
    __arm_preinit_                            - Undefined Weak Reference
    __cpp_initialize__aeabi_                  - Undefined Weak Reference
    __cxa_finalize                            - Undefined Weak Reference
    __rt_locale                               - Undefined Weak Reference
    __sigvec_lookup                           - Undefined Weak Reference
    _atexit_init                              - Undefined Weak Reference
    _call_atexit_fns                          - Undefined Weak Reference
    _clock_init                               - Undefined Weak Reference
    _fp_trap_init                             - Undefined Weak Reference
    _fp_trap_shutdown                         - Undefined Weak Reference
    _get_lc_collate                           - Undefined Weak Reference
    _get_lc_ctype                             - Undefined Weak Reference
    _get_lc_monetary                          - Undefined Weak Reference
    _get_lc_numeric                           - Undefined Weak Reference
    _get_lc_time                              - Undefined Weak Reference
    _getenv_init                              - Undefined Weak Reference
    _handle_redirection                       - Undefined Weak Reference
    _init_alloc                               - Undefined Weak Reference
    _init_user_alloc                          - Undefined Weak Reference
    _initio                                   - Undefined Weak Reference
    _rand_init                                - Undefined Weak Reference
    _signal_finish                            - Undefined Weak Reference
    _signal_init                              - Undefined Weak Reference
    _terminate_alloc                          - Undefined Weak Reference
    _terminate_user_alloc                     - Undefined Weak Reference
    _terminateio                              - Undefined Weak Reference
    __Vectors_Size                           0x00000298   Number         0  startup_stm32h743xx.o ABSOLUTE
    __Vectors                                0x08000000   Data           4  startup_stm32h743xx.o(RESET)
    __Vectors_End                            0x08000298   Data           0  startup_stm32h743xx.o(RESET)
    __main                                   0x08000299   Thumb Code     8  __main.o(!!!main)
    __scatterload                            0x080002a1   Thumb Code     0  __scatter.o(!!!scatter)
    __scatterload_rt2                        0x080002a1   Thumb Code    44  __scatter.o(!!!scatter)
    __scatterload_rt2_thumb_only             0x080002a1   Thumb Code     0  __scatter.o(!!!scatter)
    __scatterload_null                       0x080002af   Thumb Code     0  __scatter.o(!!!scatter)
    __decompress                             0x080002d5   Thumb Code    58  __dczerorl.o(!!dczerorl)
    __decompress0                            0x080002d5   Thumb Code     0  __dczerorl.o(!!dczerorl)
    __scatterload_zeroinit                   0x08000311   Thumb Code    28  __scatter_zi.o(!!handler_zi)
    __rt_lib_init                            0x0800032d   Thumb Code     0  libinit.o(.ARM.Collect$$libinit$$00000000)
    __rt_lib_init_fp_1                       0x0800032f   Thumb Code     0  libinit2.o(.ARM.Collect$$libinit$$00000001)
    __rt_lib_init_alloca_1                   0x08000333   Thumb Code     0  libinit2.o(.ARM.Collect$$libinit$$0000002E)
    __rt_lib_init_argv_1                     0x08000333   Thumb Code     0  libinit2.o(.ARM.Collect$$libinit$$0000002C)
    __rt_lib_init_atexit_1                   0x08000333   Thumb Code     0  libinit2.o(.ARM.Collect$$libinit$$0000001B)
    __rt_lib_init_clock_1                    0x08000333   Thumb Code     0  libinit2.o(.ARM.Collect$$libinit$$00000021)
    __rt_lib_init_cpp_1                      0x08000333   Thumb Code     0  libinit2.o(.ARM.Collect$$libinit$$00000032)
    __rt_lib_init_exceptions_1               0x08000333   Thumb Code     0  libinit2.o(.ARM.Collect$$libinit$$00000030)
    __rt_lib_init_fp_trap_1                  0x08000333   Thumb Code     0  libinit2.o(.ARM.Collect$$libinit$$0000001F)
    __rt_lib_init_getenv_1                   0x08000333   Thumb Code     0  libinit2.o(.ARM.Collect$$libinit$$00000023)
    __rt_lib_init_heap_1                     0x08000333   Thumb Code     0  libinit2.o(.ARM.Collect$$libinit$$0000000A)
    __rt_lib_init_lc_collate_1               0x08000333   Thumb Code     0  libinit2.o(.ARM.Collect$$libinit$$00000011)
    __rt_lib_init_lc_ctype_1                 0x08000333   Thumb Code     0  libinit2.o(.ARM.Collect$$libinit$$00000013)
    __rt_lib_init_lc_monetary_1              0x08000333   Thumb Code     0  libinit2.o(.ARM.Collect$$libinit$$00000015)
    __rt_lib_init_lc_numeric_1               0x08000333   Thumb Code     0  libinit2.o(.ARM.Collect$$libinit$$00000017)
    __rt_lib_init_lc_time_1                  0x08000333   Thumb Code     0  libinit2.o(.ARM.Collect$$libinit$$00000019)
    __rt_lib_init_preinit_1                  0x08000333   Thumb Code     0  libinit2.o(.ARM.Collect$$libinit$$00000004)
    __rt_lib_init_rand_1                     0x08000333   Thumb Code     0  libinit2.o(.ARM.Collect$$libinit$$0000000E)
    __rt_lib_init_return                     0x08000333   Thumb Code     0  libinit2.o(.ARM.Collect$$libinit$$00000033)
    __rt_lib_init_signal_1                   0x08000333   Thumb Code     0  libinit2.o(.ARM.Collect$$libinit$$0000001D)
    __rt_lib_init_stdio_1                    0x08000333   Thumb Code     0  libinit2.o(.ARM.Collect$$libinit$$00000025)
    __rt_lib_init_user_alloc_1               0x08000333   Thumb Code     0  libinit2.o(.ARM.Collect$$libinit$$0000000C)
    __rt_lib_shutdown                        0x08000335   Thumb Code     0  libshutdown.o(.ARM.Collect$$libshutdown$$00000000)
    __rt_lib_shutdown_cpp_1                  0x08000337   Thumb Code     0  libshutdown2.o(.ARM.Collect$$libshutdown$$00000004)
    __rt_lib_shutdown_fini_1                 0x08000337   Thumb Code     0  libshutdown2.o(.ARM.Collect$$libshutdown$$00000002)
    __rt_lib_shutdown_fp_trap_1              0x08000337   Thumb Code     0  libshutdown2.o(.ARM.Collect$$libshutdown$$00000009)
    __rt_lib_shutdown_heap_1                 0x08000337   Thumb Code     0  libshutdown2.o(.ARM.Collect$$libshutdown$$00000011)
    __rt_lib_shutdown_return                 0x08000337   Thumb Code     0  libshutdown2.o(.ARM.Collect$$libshutdown$$00000012)
    __rt_lib_shutdown_signal_1               0x08000337   Thumb Code     0  libshutdown2.o(.ARM.Collect$$libshutdown$$0000000C)
    __rt_lib_shutdown_stdio_1                0x08000337   Thumb Code     0  libshutdown2.o(.ARM.Collect$$libshutdown$$00000006)
    __rt_lib_shutdown_user_alloc_1           0x08000337   Thumb Code     0  libshutdown2.o(.ARM.Collect$$libshutdown$$0000000E)
    __rt_entry                               0x08000339   Thumb Code     0  __rtentry.o(.ARM.Collect$$rtentry$$00000000)
    __rt_entry_presh_1                       0x08000339   Thumb Code     0  __rtentry2.o(.ARM.Collect$$rtentry$$00000002)
    __rt_entry_sh                            0x08000339   Thumb Code     0  __rtentry4.o(.ARM.Collect$$rtentry$$00000004)
    __rt_entry_li                            0x0800033f   Thumb Code     0  __rtentry2.o(.ARM.Collect$$rtentry$$0000000A)
    __rt_entry_postsh_1                      0x0800033f   Thumb Code     0  __rtentry2.o(.ARM.Collect$$rtentry$$00000009)
    __rt_entry_main                          0x08000343   Thumb Code     0  __rtentry2.o(.ARM.Collect$$rtentry$$0000000D)
    __rt_entry_postli_1                      0x08000343   Thumb Code     0  __rtentry2.o(.ARM.Collect$$rtentry$$0000000C)
    __rt_exit                                0x0800034b   Thumb Code     0  rtexit.o(.ARM.Collect$$rtexit$$00000000)
    __rt_exit_ls                             0x0800034d   Thumb Code     0  rtexit2.o(.ARM.Collect$$rtexit$$00000003)
    __rt_exit_prels_1                        0x0800034d   Thumb Code     0  rtexit2.o(.ARM.Collect$$rtexit$$00000002)
    __rt_exit_exit                           0x08000351   Thumb Code     0  rtexit2.o(.ARM.Collect$$rtexit$$00000004)
    SVC_Handler                              0x08000359   Thumb Code    28  port.o(.emb_text)
    __asm___6_port_c_39a90d8d__prvStartFirstTask 0x08000379   Thumb Code    36  port.o(.emb_text)
    __asm___6_port_c_39a90d8d__prvEnableVFP  0x080003a1   Thumb Code    16  port.o(.emb_text)
    PendSV_Handler                           0x080003b5   Thumb Code    88  port.o(.emb_text)
    vPortGetIPSR                             0x08000411   Thumb Code     6  port.o(.emb_text)
    Reset_Handler                            0x08000419   Thumb Code     8  startup_stm32h743xx.o(.text)
    ADC3_IRQHandler                          0x08000433   Thumb Code     0  startup_stm32h743xx.o(.text)
    ADC_IRQHandler                           0x08000433   Thumb Code     0  startup_stm32h743xx.o(.text)
    BDMA_Channel0_IRQHandler                 0x08000433   Thumb Code     0  startup_stm32h743xx.o(.text)
    BDMA_Channel1_IRQHandler                 0x08000433   Thumb Code     0  startup_stm32h743xx.o(.text)
    BDMA_Channel2_IRQHandler                 0x08000433   Thumb Code     0  startup_stm32h743xx.o(.text)
    BDMA_Channel3_IRQHandler                 0x08000433   Thumb Code     0  startup_stm32h743xx.o(.text)
    BDMA_Channel4_IRQHandler                 0x08000433   Thumb Code     0  startup_stm32h743xx.o(.text)
    BDMA_Channel5_IRQHandler                 0x08000433   Thumb Code     0  startup_stm32h743xx.o(.text)
    BDMA_Channel6_IRQHandler                 0x08000433   Thumb Code     0  startup_stm32h743xx.o(.text)
    BDMA_Channel7_IRQHandler                 0x08000433   Thumb Code     0  startup_stm32h743xx.o(.text)
    CEC_IRQHandler                           0x08000433   Thumb Code     0  startup_stm32h743xx.o(.text)
    COMP1_IRQHandler                         0x08000433   Thumb Code     0  startup_stm32h743xx.o(.text)
    CRS_IRQHandler                           0x08000433   Thumb Code     0  startup_stm32h743xx.o(.text)
    DCMI_IRQHandler                          0x08000433   Thumb Code     0  startup_stm32h743xx.o(.text)
    DFSDM1_FLT0_IRQHandler                   0x08000433   Thumb Code     0  startup_stm32h743xx.o(.text)
    DFSDM1_FLT1_IRQHandler                   0x08000433   Thumb Code     0  startup_stm32h743xx.o(.text)
    DFSDM1_FLT2_IRQHandler                   0x08000433   Thumb Code     0  startup_stm32h743xx.o(.text)
    DFSDM1_FLT3_IRQHandler                   0x08000433   Thumb Code     0  startup_stm32h743xx.o(.text)
    DMA1_Stream4_IRQHandler                  0x08000433   Thumb Code     0  startup_stm32h743xx.o(.text)
    DMA1_Stream5_IRQHandler                  0x08000433   Thumb Code     0  startup_stm32h743xx.o(.text)
    DMA1_Stream6_IRQHandler                  0x08000433   Thumb Code     0  startup_stm32h743xx.o(.text)
    DMA1_Stream7_IRQHandler                  0x08000433   Thumb Code     0  startup_stm32h743xx.o(.text)
    DMA2D_IRQHandler                         0x08000433   Thumb Code     0  startup_stm32h743xx.o(.text)
    DMA2_Stream0_IRQHandler                  0x08000433   Thumb Code     0  startup_stm32h743xx.o(.text)
    DMA2_Stream1_IRQHandler                  0x08000433   Thumb Code     0  startup_stm32h743xx.o(.text)
    DMA2_Stream2_IRQHandler                  0x08000433   Thumb Code     0  startup_stm32h743xx.o(.text)
    DMA2_Stream3_IRQHandler                  0x08000433   Thumb Code     0  startup_stm32h743xx.o(.text)
    DMA2_Stream4_IRQHandler                  0x08000433   Thumb Code     0  startup_stm32h743xx.o(.text)
    DMA2_Stream5_IRQHandler                  0x08000433   Thumb Code     0  startup_stm32h743xx.o(.text)
    DMA2_Stream6_IRQHandler                  0x08000433   Thumb Code     0  startup_stm32h743xx.o(.text)
    DMA2_Stream7_IRQHandler                  0x08000433   Thumb Code     0  startup_stm32h743xx.o(.text)
    DMAMUX1_OVR_IRQHandler                   0x08000433   Thumb Code     0  startup_stm32h743xx.o(.text)
    DMAMUX2_OVR_IRQHandler                   0x08000433   Thumb Code     0  startup_stm32h743xx.o(.text)
    ECC_IRQHandler                           0x08000433   Thumb Code     0  startup_stm32h743xx.o(.text)
    ETH_IRQHandler                           0x08000433   Thumb Code     0  startup_stm32h743xx.o(.text)
    ETH_WKUP_IRQHandler                      0x08000433   Thumb Code     0  startup_stm32h743xx.o(.text)
    EXTI0_IRQHandler                         0x08000433   Thumb Code     0  startup_stm32h743xx.o(.text)
    EXTI15_10_IRQHandler                     0x08000433   Thumb Code     0  startup_stm32h743xx.o(.text)
    EXTI1_IRQHandler                         0x08000433   Thumb Code     0  startup_stm32h743xx.o(.text)
    EXTI2_IRQHandler                         0x08000433   Thumb Code     0  startup_stm32h743xx.o(.text)
    EXTI3_IRQHandler                         0x08000433   Thumb Code     0  startup_stm32h743xx.o(.text)
    EXTI4_IRQHandler                         0x08000433   Thumb Code     0  startup_stm32h743xx.o(.text)
    EXTI9_5_IRQHandler                       0x08000433   Thumb Code     0  startup_stm32h743xx.o(.text)
    FDCAN1_IT0_IRQHandler                    0x08000433   Thumb Code     0  startup_stm32h743xx.o(.text)
    FDCAN1_IT1_IRQHandler                    0x08000433   Thumb Code     0  startup_stm32h743xx.o(.text)
    FDCAN2_IT0_IRQHandler                    0x08000433   Thumb Code     0  startup_stm32h743xx.o(.text)
    FDCAN2_IT1_IRQHandler                    0x08000433   Thumb Code     0  startup_stm32h743xx.o(.text)
    FDCAN_CAL_IRQHandler                     0x08000433   Thumb Code     0  startup_stm32h743xx.o(.text)
    FLASH_IRQHandler                         0x08000433   Thumb Code     0  startup_stm32h743xx.o(.text)
    FMC_IRQHandler                           0x08000433   Thumb Code     0  startup_stm32h743xx.o(.text)
    FPU_IRQHandler                           0x08000433   Thumb Code     0  startup_stm32h743xx.o(.text)
    HRTIM1_FLT_IRQHandler                    0x08000433   Thumb Code     0  startup_stm32h743xx.o(.text)
    HRTIM1_Master_IRQHandler                 0x08000433   Thumb Code     0  startup_stm32h743xx.o(.text)
    HRTIM1_TIMA_IRQHandler                   0x08000433   Thumb Code     0  startup_stm32h743xx.o(.text)
    HRTIM1_TIMB_IRQHandler                   0x08000433   Thumb Code     0  startup_stm32h743xx.o(.text)
    HRTIM1_TIMC_IRQHandler                   0x08000433   Thumb Code     0  startup_stm32h743xx.o(.text)
    HRTIM1_TIMD_IRQHandler                   0x08000433   Thumb Code     0  startup_stm32h743xx.o(.text)
    HRTIM1_TIME_IRQHandler                   0x08000433   Thumb Code     0  startup_stm32h743xx.o(.text)
    HSEM1_IRQHandler                         0x08000433   Thumb Code     0  startup_stm32h743xx.o(.text)
    I2C1_ER_IRQHandler                       0x08000433   Thumb Code     0  startup_stm32h743xx.o(.text)
    I2C1_EV_IRQHandler                       0x08000433   Thumb Code     0  startup_stm32h743xx.o(.text)
    I2C2_ER_IRQHandler                       0x08000433   Thumb Code     0  startup_stm32h743xx.o(.text)
    I2C2_EV_IRQHandler                       0x08000433   Thumb Code     0  startup_stm32h743xx.o(.text)
    I2C3_ER_IRQHandler                       0x08000433   Thumb Code     0  startup_stm32h743xx.o(.text)
    I2C3_EV_IRQHandler                       0x08000433   Thumb Code     0  startup_stm32h743xx.o(.text)
    I2C4_ER_IRQHandler                       0x08000433   Thumb Code     0  startup_stm32h743xx.o(.text)
    I2C4_EV_IRQHandler                       0x08000433   Thumb Code     0  startup_stm32h743xx.o(.text)
    JPEG_IRQHandler                          0x08000433   Thumb Code     0  startup_stm32h743xx.o(.text)
    LPTIM1_IRQHandler                        0x08000433   Thumb Code     0  startup_stm32h743xx.o(.text)
    LPTIM2_IRQHandler                        0x08000433   Thumb Code     0  startup_stm32h743xx.o(.text)
    LPTIM3_IRQHandler                        0x08000433   Thumb Code     0  startup_stm32h743xx.o(.text)
    LPTIM4_IRQHandler                        0x08000433   Thumb Code     0  startup_stm32h743xx.o(.text)
    LPTIM5_IRQHandler                        0x08000433   Thumb Code     0  startup_stm32h743xx.o(.text)
    LPUART1_IRQHandler                       0x08000433   Thumb Code     0  startup_stm32h743xx.o(.text)
    LTDC_ER_IRQHandler                       0x08000433   Thumb Code     0  startup_stm32h743xx.o(.text)
    LTDC_IRQHandler                          0x08000433   Thumb Code     0  startup_stm32h743xx.o(.text)
    MDIOS_IRQHandler                         0x08000433   Thumb Code     0  startup_stm32h743xx.o(.text)
    MDIOS_WKUP_IRQHandler                    0x08000433   Thumb Code     0  startup_stm32h743xx.o(.text)
    MDMA_IRQHandler                          0x08000433   Thumb Code     0  startup_stm32h743xx.o(.text)
    OTG_FS_EP1_IN_IRQHandler                 0x08000433   Thumb Code     0  startup_stm32h743xx.o(.text)
    OTG_FS_EP1_OUT_IRQHandler                0x08000433   Thumb Code     0  startup_stm32h743xx.o(.text)
    OTG_FS_IRQHandler                        0x08000433   Thumb Code     0  startup_stm32h743xx.o(.text)
    OTG_FS_WKUP_IRQHandler                   0x08000433   Thumb Code     0  startup_stm32h743xx.o(.text)
    OTG_HS_EP1_IN_IRQHandler                 0x08000433   Thumb Code     0  startup_stm32h743xx.o(.text)
    OTG_HS_EP1_OUT_IRQHandler                0x08000433   Thumb Code     0  startup_stm32h743xx.o(.text)
    OTG_HS_IRQHandler                        0x08000433   Thumb Code     0  startup_stm32h743xx.o(.text)
    OTG_HS_WKUP_IRQHandler                   0x08000433   Thumb Code     0  startup_stm32h743xx.o(.text)
    PVD_AVD_IRQHandler                       0x08000433   Thumb Code     0  startup_stm32h743xx.o(.text)
    QUADSPI_IRQHandler                       0x08000433   Thumb Code     0  startup_stm32h743xx.o(.text)
    RCC_IRQHandler                           0x08000433   Thumb Code     0  startup_stm32h743xx.o(.text)
    RNG_IRQHandler                           0x08000433   Thumb Code     0  startup_stm32h743xx.o(.text)
    RTC_Alarm_IRQHandler                     0x08000433   Thumb Code     0  startup_stm32h743xx.o(.text)
    RTC_WKUP_IRQHandler                      0x08000433   Thumb Code     0  startup_stm32h743xx.o(.text)
    SAI1_IRQHandler                          0x08000433   Thumb Code     0  startup_stm32h743xx.o(.text)
    SAI2_IRQHandler                          0x08000433   Thumb Code     0  startup_stm32h743xx.o(.text)
    SAI3_IRQHandler                          0x08000433   Thumb Code     0  startup_stm32h743xx.o(.text)
    SAI4_IRQHandler                          0x08000433   Thumb Code     0  startup_stm32h743xx.o(.text)
    SDMMC1_IRQHandler                        0x08000433   Thumb Code     0  startup_stm32h743xx.o(.text)
    SDMMC2_IRQHandler                        0x08000433   Thumb Code     0  startup_stm32h743xx.o(.text)
    SPDIF_RX_IRQHandler                      0x08000433   Thumb Code     0  startup_stm32h743xx.o(.text)
    SPI2_IRQHandler                          0x08000433   Thumb Code     0  startup_stm32h743xx.o(.text)
    SPI3_IRQHandler                          0x08000433   Thumb Code     0  startup_stm32h743xx.o(.text)
    SPI4_IRQHandler                          0x08000433   Thumb Code     0  startup_stm32h743xx.o(.text)
    SPI5_IRQHandler                          0x08000433   Thumb Code     0  startup_stm32h743xx.o(.text)
    SPI6_IRQHandler                          0x08000433   Thumb Code     0  startup_stm32h743xx.o(.text)
    SWPMI1_IRQHandler                        0x08000433   Thumb Code     0  startup_stm32h743xx.o(.text)
    TAMP_STAMP_IRQHandler                    0x08000433   Thumb Code     0  startup_stm32h743xx.o(.text)
    TIM15_IRQHandler                         0x08000433   Thumb Code     0  startup_stm32h743xx.o(.text)
    TIM16_IRQHandler                         0x08000433   Thumb Code     0  startup_stm32h743xx.o(.text)
    TIM17_IRQHandler                         0x08000433   Thumb Code     0  startup_stm32h743xx.o(.text)
    TIM1_BRK_IRQHandler                      0x08000433   Thumb Code     0  startup_stm32h743xx.o(.text)
    TIM1_CC_IRQHandler                       0x08000433   Thumb Code     0  startup_stm32h743xx.o(.text)
    TIM1_TRG_COM_IRQHandler                  0x08000433   Thumb Code     0  startup_stm32h743xx.o(.text)
    TIM1_UP_IRQHandler                       0x08000433   Thumb Code     0  startup_stm32h743xx.o(.text)
    TIM2_IRQHandler                          0x08000433   Thumb Code     0  startup_stm32h743xx.o(.text)
    TIM3_IRQHandler                          0x08000433   Thumb Code     0  startup_stm32h743xx.o(.text)
    TIM4_IRQHandler                          0x08000433   Thumb Code     0  startup_stm32h743xx.o(.text)
    TIM5_IRQHandler                          0x08000433   Thumb Code     0  startup_stm32h743xx.o(.text)
    TIM6_DAC_IRQHandler                      0x08000433   Thumb Code     0  startup_stm32h743xx.o(.text)
    TIM7_IRQHandler                          0x08000433   Thumb Code     0  startup_stm32h743xx.o(.text)
    TIM8_BRK_TIM12_IRQHandler                0x08000433   Thumb Code     0  startup_stm32h743xx.o(.text)
    TIM8_CC_IRQHandler                       0x08000433   Thumb Code     0  startup_stm32h743xx.o(.text)
    TIM8_TRG_COM_TIM14_IRQHandler            0x08000433   Thumb Code     0  startup_stm32h743xx.o(.text)
    TIM8_UP_TIM13_IRQHandler                 0x08000433   Thumb Code     0  startup_stm32h743xx.o(.text)
    UART4_IRQHandler                         0x08000433   Thumb Code     0  startup_stm32h743xx.o(.text)
    UART5_IRQHandler                         0x08000433   Thumb Code     0  startup_stm32h743xx.o(.text)
    UART7_IRQHandler                         0x08000433   Thumb Code     0  startup_stm32h743xx.o(.text)
    UART8_IRQHandler                         0x08000433   Thumb Code     0  startup_stm32h743xx.o(.text)
    USART1_IRQHandler                        0x08000433   Thumb Code     0  startup_stm32h743xx.o(.text)
    USART2_IRQHandler                        0x08000433   Thumb Code     0  startup_stm32h743xx.o(.text)
    USART6_IRQHandler                        0x08000433   Thumb Code     0  startup_stm32h743xx.o(.text)
    WAKEUP_PIN_IRQHandler                    0x08000433   Thumb Code     0  startup_stm32h743xx.o(.text)
    WWDG_IRQHandler                          0x08000433   Thumb Code     0  startup_stm32h743xx.o(.text)
    __user_initial_stackheap                 0x08000435   Thumb Code     0  startup_stm32h743xx.o(.text)
    __aeabi_uldivmod                         0x08000459   Thumb Code     0  lludivv7m.o(.text)
    _ll_udiv                                 0x08000459   Thumb Code   238  lludivv7m.o(.text)
    __aeabi_memcpy                           0x08000547   Thumb Code     0  rt_memcpy_v6.o(.text)
    __rt_memcpy                              0x08000547   Thumb Code   138  rt_memcpy_v6.o(.text)
    _memcpy_lastbytes                        0x080005ad   Thumb Code     0  rt_memcpy_v6.o(.text)
    __aeabi_memset                           0x080005d1   Thumb Code    16  aeabi_memset.o(.text)
    __aeabi_memclr4                          0x080005e1   Thumb Code     0  rt_memclr_w.o(.text)
    __aeabi_memclr8                          0x080005e1   Thumb Code     0  rt_memclr_w.o(.text)
    __rt_memclr_w                            0x080005e1   Thumb Code    78  rt_memclr_w.o(.text)
    _memset_w                                0x080005e5   Thumb Code     0  rt_memclr_w.o(.text)
    __use_two_region_memory                  0x0800062f   Thumb Code     2  heapauxi.o(.text)
    __rt_heap_escrow$2region                 0x08000631   Thumb Code     2  heapauxi.o(.text)
    __rt_heap_expand$2region                 0x08000633   Thumb Code     2  heapauxi.o(.text)
    __aeabi_memcpy4                          0x08000635   Thumb Code     0  rt_memcpy_w.o(.text)
    __aeabi_memcpy8                          0x08000635   Thumb Code     0  rt_memcpy_w.o(.text)
    __rt_memcpy_w                            0x08000635   Thumb Code   100  rt_memcpy_w.o(.text)
    _memcpy_lastbytes_aligned                0x0800067d   Thumb Code     0  rt_memcpy_w.o(.text)
    __aeabi_memclr                           0x08000699   Thumb Code     0  rt_memclr.o(.text)
    __rt_memclr                              0x08000699   Thumb Code    68  rt_memclr.o(.text)
    _memset                                  0x0800069d   Thumb Code     0  rt_memclr.o(.text)
    __user_setup_stackheap                   0x080006dd   Thumb Code    74  sys_stackheap_outer.o(.text)
    exit                                     0x08000727   Thumb Code    18  exit.o(.text)
    __user_libspace                          0x08000739   Thumb Code     8  libspace.o(.text)
    __user_perproc_libspace                  0x08000739   Thumb Code     0  libspace.o(.text)
    __user_perthread_libspace                0x08000739   Thumb Code     0  libspace.o(.text)
    _sys_exit                                0x08000741   Thumb Code     8  sys_exit.o(.text)
    __I$use$semihosting                      0x0800074d   Thumb Code     0  use_no_semi.o(.text)
    __use_no_semihosting_swi                 0x0800074d   Thumb Code     2  use_no_semi.o(.text)
    BusFault_Handler                         0x0800074f   Thumb Code     2  stm32h7xx_it.o(i.BusFault_Handler)
    __semihosting_library_function           0x0800074f   Thumb Code     0  indicate_semi.o(.text)
    DMA1_Stream0_IRQHandler                  0x08000751   Thumb Code     6  stm32h7xx_it.o(i.DMA1_Stream0_IRQHandler)
    DMA1_Stream1_IRQHandler                  0x0800075d   Thumb Code     6  stm32h7xx_it.o(i.DMA1_Stream1_IRQHandler)
    DMA1_Stream2_IRQHandler                  0x08000769   Thumb Code     6  stm32h7xx_it.o(i.DMA1_Stream2_IRQHandler)
    DMA1_Stream3_IRQHandler                  0x08000775   Thumb Code     6  stm32h7xx_it.o(i.DMA1_Stream3_IRQHandler)
    DebugMon_Handler                         0x08000bb9   Thumb Code     2  stm32h7xx_it.o(i.DebugMon_Handler)
    Error_Handler                            0x08000bbb   Thumb Code     2  main.o(i.Error_Handler)
    HAL_DMA_Abort_IT                         0x08000bbd   Thumb Code   602  stm32h7xx_hal_dma.o(i.HAL_DMA_Abort_IT)
    HAL_DMA_GetError                         0x08000e41   Thumb Code     4  stm32h7xx_hal_dma.o(i.HAL_DMA_GetError)
    HAL_DMA_IRQHandler                       0x08000e45   Thumb Code  1762  stm32h7xx_hal_dma.o(i.HAL_DMA_IRQHandler)
    HAL_DMA_Init                             0x08001535   Thumb Code   926  stm32h7xx_hal_dma.o(i.HAL_DMA_Init)
    HAL_DMA_Start_IT                         0x080018f9   Thumb Code   626  stm32h7xx_hal_dma.o(i.HAL_DMA_Start_IT)
    HAL_GPIO_Init                            0x08001b95   Thumb Code   510  stm32h7xx_hal_gpio.o(i.HAL_GPIO_Init)
    HAL_GPIO_WritePin                        0x08001dc5   Thumb Code    10  stm32h7xx_hal_gpio.o(i.HAL_GPIO_WritePin)
    HAL_GetREVID                             0x08001dd1   Thumb Code     8  stm32h7xx_hal.o(i.HAL_GetREVID)
    HAL_GetTick                              0x08001ddd   Thumb Code     6  stm32h7xx_hal.o(i.HAL_GetTick)
    HAL_IncTick                              0x08001de9   Thumb Code    12  stm32h7xx_hal.o(i.HAL_IncTick)
    HAL_Init                                 0x08001df9   Thumb Code    74  stm32h7xx_hal.o(i.HAL_Init)
    HAL_InitTick                             0x08001e55   Thumb Code    56  stm32h7xx_hal.o(i.HAL_InitTick)
    HAL_MspInit                              0x08001e95   Thumb Code    22  stm32h7xx_hal_msp.o(i.HAL_MspInit)
    HAL_NVIC_EnableIRQ                       0x08001eb1   Thumb Code    26  stm32h7xx_hal_cortex.o(i.HAL_NVIC_EnableIRQ)
    HAL_NVIC_SetPriority                     0x08001ecd   Thumb Code    60  stm32h7xx_hal_cortex.o(i.HAL_NVIC_SetPriority)
    HAL_NVIC_SetPriorityGrouping             0x08001f0d   Thumb Code    28  stm32h7xx_hal_cortex.o(i.HAL_NVIC_SetPriorityGrouping)
    HAL_PWREx_ConfigSupply                   0x08001f31   Thumb Code    78  stm32h7xx_hal_pwr_ex.o(i.HAL_PWREx_ConfigSupply)
    HAL_RCCEx_GetD3PCLK1Freq                 0x08001f85   Thumb Code    26  stm32h7xx_hal_rcc_ex.o(i.HAL_RCCEx_GetD3PCLK1Freq)
    HAL_RCCEx_GetPLL2ClockFreq               0x08001fa9   Thumb Code   296  stm32h7xx_hal_rcc_ex.o(i.HAL_RCCEx_GetPLL2ClockFreq)
    HAL_RCCEx_GetPLL3ClockFreq               0x080020ed   Thumb Code   296  stm32h7xx_hal_rcc_ex.o(i.HAL_RCCEx_GetPLL3ClockFreq)
    HAL_RCCEx_PeriphCLKConfig                0x08002231   Thumb Code  2234  stm32h7xx_hal_rcc_ex.o(i.HAL_RCCEx_PeriphCLKConfig)
    HAL_RCC_ClockConfig                      0x08002aed   Thumb Code   580  stm32h7xx_hal_rcc.o(i.HAL_RCC_ClockConfig)
    HAL_RCC_GetHCLKFreq                      0x08002d49   Thumb Code    52  stm32h7xx_hal_rcc.o(i.HAL_RCC_GetHCLKFreq)
    HAL_RCC_GetPCLK1Freq                     0x08002d8d   Thumb Code    26  stm32h7xx_hal_rcc.o(i.HAL_RCC_GetPCLK1Freq)
    HAL_RCC_GetPCLK2Freq                     0x08002db1   Thumb Code    26  stm32h7xx_hal_rcc.o(i.HAL_RCC_GetPCLK2Freq)
    HAL_RCC_GetSysClockFreq                  0x08002dd5   Thumb Code   278  stm32h7xx_hal_rcc.o(i.HAL_RCC_GetSysClockFreq)
    HAL_RCC_OscConfig                        0x08002f0d   Thumb Code  1282  stm32h7xx_hal_rcc.o(i.HAL_RCC_OscConfig)
    HAL_SPI_ErrorCallback                    0x08003415   Thumb Code     2  stm32h7xx_hal_spi.o(i.HAL_SPI_ErrorCallback)
    HAL_SPI_IRQHandler                       0x08003419   Thumb Code   572  stm32h7xx_hal_spi.o(i.HAL_SPI_IRQHandler)
    HAL_SPI_Init                             0x08003659   Thumb Code   308  stm32h7xx_hal_spi.o(i.HAL_SPI_Init)
    HAL_SPI_MspInit                          0x08003799   Thumb Code   268  spi.o(i.HAL_SPI_MspInit)
    HAL_SPI_Receive_DMA                      0x080038bd   Thumb Code   380  stm32h7xx_hal_spi.o(i.HAL_SPI_Receive_DMA)
    HAL_SPI_RxCpltCallback                   0x08003a45   Thumb Code    34  communication.o(i.HAL_SPI_RxCpltCallback)
    HAL_SPI_RxHalfCpltCallback               0x08003a75   Thumb Code     2  stm32h7xx_hal_spi.o(i.HAL_SPI_RxHalfCpltCallback)
    HAL_SPI_TransmitReceive                  0x08003a77   Thumb Code   800  stm32h7xx_hal_spi.o(i.HAL_SPI_TransmitReceive)
    HAL_SPI_TransmitReceive_DMA              0x08003d99   Thumb Code   482  stm32h7xx_hal_spi.o(i.HAL_SPI_TransmitReceive_DMA)
    HAL_SPI_Transmit_DMA                     0x08003f91   Thumb Code   346  stm32h7xx_hal_spi.o(i.HAL_SPI_Transmit_DMA)
    HAL_SPI_TxCpltCallback                   0x080040f9   Thumb Code    82  communication.o(i.HAL_SPI_TxCpltCallback)
    HAL_SPI_TxHalfCpltCallback               0x0800415d   Thumb Code     2  stm32h7xx_hal_spi.o(i.HAL_SPI_TxHalfCpltCallback)
    HAL_SPI_TxRxCpltCallback                 0x08004161   Thumb Code    34  communication.o(i.HAL_SPI_TxRxCpltCallback)
    HAL_SPI_TxRxHalfCpltCallback             0x08004191   Thumb Code     2  stm32h7xx_hal_spi.o(i.HAL_SPI_TxRxHalfCpltCallback)
    HAL_SYSTICK_Config                       0x08004193   Thumb Code    38  stm32h7xx_hal_cortex.o(i.HAL_SYSTICK_Config)
    HAL_UARTEx_DisableFifoMode               0x080041b9   Thumb Code    64  stm32h7xx_hal_uart_ex.o(i.HAL_UARTEx_DisableFifoMode)
    HAL_UARTEx_RxFifoFullCallback            0x080041f9   Thumb Code     2  stm32h7xx_hal_uart_ex.o(i.HAL_UARTEx_RxFifoFullCallback)
    HAL_UARTEx_SetRxFifoThreshold            0x080041fb   Thumb Code    76  stm32h7xx_hal_uart_ex.o(i.HAL_UARTEx_SetRxFifoThreshold)
    HAL_UARTEx_SetTxFifoThreshold            0x08004247   Thumb Code    76  stm32h7xx_hal_uart_ex.o(i.HAL_UARTEx_SetTxFifoThreshold)
    HAL_UARTEx_TxFifoEmptyCallback           0x08004293   Thumb Code     2  stm32h7xx_hal_uart_ex.o(i.HAL_UARTEx_TxFifoEmptyCallback)
    HAL_UARTEx_WakeupCallback                0x08004295   Thumb Code     2  stm32h7xx_hal_uart_ex.o(i.HAL_UARTEx_WakeupCallback)
    HAL_UART_ErrorCallback                   0x08004297   Thumb Code     2  stm32h7xx_hal_uart.o(i.HAL_UART_ErrorCallback)
    HAL_UART_IRQHandler                      0x08004299   Thumb Code   436  stm32h7xx_hal_uart.o(i.HAL_UART_IRQHandler)
    HAL_UART_Init                            0x08004459   Thumb Code   106  stm32h7xx_hal_uart.o(i.HAL_UART_Init)
    HAL_UART_MspInit                         0x080044c5   Thumb Code   202  usart.o(i.HAL_UART_MspInit)
    HAL_UART_Transmit                        0x080045a5   Thumb Code   190  stm32h7xx_hal_uart.o(i.HAL_UART_Transmit)
    HAL_UART_TxCpltCallback                  0x08004665   Thumb Code    14  communication.o(i.HAL_UART_TxCpltCallback)
    HardFault_Handler                        0x0800467d   Thumb Code     2  stm32h7xx_it.o(i.HardFault_Handler)
    MX_DMA_Init                              0x08004681   Thumb Code    88  dma.o(i.MX_DMA_Init)
    MX_FREERTOS_Init                         0x080046dd   Thumb Code    18  freertos.o(i.MX_FREERTOS_Init)
    MX_GPIO_Init                             0x080046fd   Thumb Code   254  gpio.o(i.MX_GPIO_Init)
    MX_SPI1_Init                             0x08004811   Thumb Code    94  spi.o(i.MX_SPI1_Init)
    MX_USART3_UART_Init                      0x08004879   Thumb Code    94  usart.o(i.MX_USART3_UART_Init)
    MemManage_Handler                        0x080048e1   Thumb Code     2  stm32h7xx_it.o(i.MemManage_Handler)
    NMI_Handler                              0x080048e3   Thumb Code     2  stm32h7xx_it.o(i.NMI_Handler)
    SPI1_IRQHandler                          0x08004b6d   Thumb Code     6  stm32h7xx_it.o(i.SPI1_IRQHandler)
    StartDefaultTask                         0x08004d55   Thumb Code   342  freertos.o(i.StartDefaultTask)
    SysTick_Handler                          0x08004eb9   Thumb Code    24  stm32h7xx_it.o(i.SysTick_Handler)
    SystemClock_Config                       0x08004ed1   Thumb Code   170  main.o(i.SystemClock_Config)
    SystemInit                               0x08004f85   Thumb Code   188  system_stm32h7xx.o(i.SystemInit)
    UART_AdvFeatureConfig                    0x080050cd   Thumb Code   200  stm32h7xx_hal_uart.o(i.UART_AdvFeatureConfig)
    UART_CheckIdleState                      0x08005195   Thumb Code    94  stm32h7xx_hal_uart.o(i.UART_CheckIdleState)
    UART_SetConfig                           0x08005231   Thumb Code   878  stm32h7xx_hal_uart.o(i.UART_SetConfig)
    UART_WaitOnFlagUntilTimeout              0x080055e1   Thumb Code   164  stm32h7xx_hal_uart.o(i.UART_WaitOnFlagUntilTimeout)
    USART3_IRQHandler                        0x08005685   Thumb Code     6  stm32h7xx_it.o(i.USART3_IRQHandler)
    UsageFault_Handler                       0x08005691   Thumb Code     2  stm32h7xx_it.o(i.UsageFault_Handler)
    main                                     0x080056b5   Thumb Code   148  main.o(i.main)
    osDelay                                  0x08005751   Thumb Code    48  cmsis_os2.o(i.osDelay)
    osKernelInitialize                       0x08005785   Thumb Code    50  cmsis_os2.o(i.osKernelInitialize)
    osKernelStart                            0x080057bd   Thumb Code    58  cmsis_os2.o(i.osKernelStart)
    osThreadNew                              0x080057fd   Thumb Code   164  cmsis_os2.o(i.osThreadNew)
    pvPortMalloc                             0x0800603d   Thumb Code   210  heap_4.o(i.pvPortMalloc)
    pxPortInitialiseStack                    0x08006115   Thumb Code    42  port.o(i.pxPortInitialiseStack)
    uxListRemove                             0x08006145   Thumb Code    38  list.o(i.uxListRemove)
    vApplicationGetIdleTaskMemory            0x0800616d   Thumb Code    18  cmsis_os2.o(i.vApplicationGetIdleTaskMemory)
    vApplicationGetTimerTaskMemory           0x08006185   Thumb Code    20  cmsis_os2.o(i.vApplicationGetTimerTaskMemory)
    vListInitialise                          0x0800619d   Thumb Code    22  list.o(i.vListInitialise)
    vListInitialiseItem                      0x080061b3   Thumb Code     6  list.o(i.vListInitialiseItem)
    vListInsert                              0x080061b9   Thumb Code    48  list.o(i.vListInsert)
    vListInsertEnd                           0x080061e9   Thumb Code    24  list.o(i.vListInsertEnd)
    vPortEnterCritical                       0x08006201   Thumb Code    54  port.o(i.vPortEnterCritical)
    vPortExitCritical                        0x08006241   Thumb Code    34  port.o(i.vPortExitCritical)
    vPortFree                                0x08006269   Thumb Code    88  heap_4.o(i.vPortFree)
    vPortSetupTimerInterrupt                 0x080062c5   Thumb Code    32  port.o(i.vPortSetupTimerInterrupt)
    vPortValidateInterruptPriority           0x080062e9   Thumb Code    74  port.o(i.vPortValidateInterruptPriority)
    vQueueAddToRegistry                      0x0800633d   Thumb Code    34  queue.o(i.vQueueAddToRegistry)
    vQueueWaitForMessageRestricted           0x08006365   Thumb Code    68  queue.o(i.vQueueWaitForMessageRestricted)
    vTaskDelay                               0x080063a9   Thumb Code    66  tasks.o(i.vTaskDelay)
    vTaskInternalSetTimeOutState             0x080063f5   Thumb Code    12  tasks.o(i.vTaskInternalSetTimeOutState)
    vTaskMissedYield                         0x08006405   Thumb Code     8  tasks.o(i.vTaskMissedYield)
    vTaskPlaceOnEventList                    0x08006411   Thumb Code    44  tasks.o(i.vTaskPlaceOnEventList)
    vTaskPlaceOnEventListRestricted          0x08006441   Thumb Code    52  tasks.o(i.vTaskPlaceOnEventListRestricted)
    vTaskStartScheduler                      0x08006479   Thumb Code   118  tasks.o(i.vTaskStartScheduler)
    vTaskSuspendAll                          0x08006501   Thumb Code    10  tasks.o(i.vTaskSuspendAll)
    vTaskSwitchContext                       0x08006511   Thumb Code    90  tasks.o(i.vTaskSwitchContext)
    xPortStartScheduler                      0x08006575   Thumb Code   222  port.o(i.xPortStartScheduler)
    xPortSysTickHandler                      0x08006669   Thumb Code    38  port.o(i.xPortSysTickHandler)
    xQueueGenericCreateStatic                0x08006695   Thumb Code   102  queue.o(i.xQueueGenericCreateStatic)
    xQueueGenericReset                       0x080066fd   Thumb Code   144  queue.o(i.xQueueGenericReset)
    xQueueGenericSend                        0x08006791   Thumb Code   346  queue.o(i.xQueueGenericSend)
    xQueueGenericSendFromISR                 0x080068f1   Thumb Code   188  queue.o(i.xQueueGenericSendFromISR)
    xQueueReceive                            0x080069ad   Thumb Code   310  queue.o(i.xQueueReceive)
    xTaskCheckForTimeOut                     0x08006ae9   Thumb Code   116  tasks.o(i.xTaskCheckForTimeOut)
    xTaskCreate                              0x08006b61   Thumb Code    90  tasks.o(i.xTaskCreate)
    xTaskCreateStatic                        0x08006bbb   Thumb Code    86  tasks.o(i.xTaskCreateStatic)
    xTaskGetSchedulerState                   0x08006c11   Thumb Code    22  tasks.o(i.xTaskGetSchedulerState)
    xTaskGetTickCount                        0x08006c2d   Thumb Code     6  tasks.o(i.xTaskGetTickCount)
    xTaskIncrementTick                       0x08006c39   Thumb Code   190  tasks.o(i.xTaskIncrementTick)
    xTaskPriorityDisinherit                  0x08006d01   Thumb Code   116  tasks.o(i.xTaskPriorityDisinherit)
    xTaskRemoveFromEventList                 0x08006d7d   Thumb Code   100  tasks.o(i.xTaskRemoveFromEventList)
    xTaskResumeAll                           0x08006ded   Thumb Code   184  tasks.o(i.xTaskResumeAll)
    xTimerCreateTimerTask                    0x08006eb1   Thumb Code    78  timers.o(i.xTimerCreateTimerTask)
    xTimerGenericCommand                     0x08006f11   Thumb Code    98  timers.o(i.xTimerGenericCommand)
    _fp_init                                 0x08006f79   Thumb Code    10  fpinit.o(x$fpl$fpinit)
    __fplib_config_fpu_vfp                   0x08006f81   Thumb Code     0  fpinit.o(x$fpl$fpinit)
    __fplib_config_pureend_doubles           0x08006f81   Thumb Code     0  fpinit.o(x$fpl$fpinit)
    defaultTask_attributes                   0x08006f84   Data          36  freertos.o(.constdata)
    UARTPrescTable                           0x08006fb0   Data          24  stm32h7xx_hal_uart.o(.constdata)
    D1CorePrescTable                         0x08006fc8   Data          16  system_stm32h7xx.o(.constdata)
    Region$$Table$$Base                      0x08006fe4   Number         0  anon$$obj.o(Region$$Table)
    Region$$Table$$Limit                     0x08007004   Number         0  anon$$obj.o(Region$$Table)
    spi1AddrBuf                              0x24000000   Data           1  communication.o(.SRAM)
    uart3TxBuf                               0x24000020   Data         256  communication.o(.SRAM)
    spi1TxBuf                                0x24000120   Data         256  communication.o(.SRAM)
    spi1RxBuf                                0x24000220   Data         256  communication.o(.SRAM)
    uart3PkgTransmited                       0x24000320   Data           1  communication.o(.data)
    uart3PkgReceived                         0x24000321   Data           1  communication.o(.data)
    spi1PkgTransmited                        0x24000322   Data           1  communication.o(.data)
    spi1PkgReceived                          0x24000323   Data           1  communication.o(.data)
    spi1OpType                               0x24000324   Data           1  communication.o(.data)
    spi1Len                                  0x24000325   Data           1  communication.o(.data)
    defaultTaskHandle                        0x24000328   Data           4  freertos.o(.data)
    uwTickFreq                               0x2400032c   Data           1  stm32h7xx_hal.o(.data)
    uwTickPrio                               0x24000330   Data           4  stm32h7xx_hal.o(.data)
    uwTick                                   0x24000334   Data           4  stm32h7xx_hal.o(.data)
    SystemCoreClock                          0x24000338   Data           4  system_stm32h7xx.o(.data)
    SystemD2Clock                            0x2400033c   Data           4  system_stm32h7xx.o(.data)
    pxCurrentTCB                             0x24000340   Data           4  tasks.o(.data)
    hspi1                                    0x240003b8   Data         136  spi.o(.bss)
    hdma_spi1_rx                             0x24000440   Data         120  spi.o(.bss)
    hdma_spi1_tx                             0x240004b8   Data         120  spi.o(.bss)
    huart3                                   0x24000530   Data         140  usart.o(.bss)
    hdma_usart3_rx                           0x240005bc   Data         120  usart.o(.bss)
    hdma_usart3_tx                           0x24000634   Data         120  usart.o(.bss)
    xQueueRegistry                           0x240006ac   Data          64  queue.o(.bss)
    __libspace_start                         0x24004f80   Data          96  libspace.o(.bss)
    __temporary_stack_top$libspace           0x24004fe0   Data           0  libspace.o(.bss)



==============================================================================

Memory Map of the image

  Image Entry point : 0x08000299

  Load Region LR_IROM1 (Base: 0x08000000, Size: 0x000073bc, Max: 0x00200000, ABSOLUTE, COMPRESSED[0x00007020])

    Execution Region ER_IROM1 (Exec base: 0x08000000, Load base: 0x08000000, Size: 0x00007004, Max: 0x00200000, ABSOLUTE)

    Exec Addr    Load Addr    Size         Type   Attr      Idx    E Section Name        Object

    0x08000000   0x08000000   0x00000298   Data   RO            3    RESET               startup_stm32h743xx.o
    0x08000298   0x08000298   0x00000008   Code   RO         5591  * !!!main             c_w.l(__main.o)
    0x080002a0   0x080002a0   0x00000034   Code   RO         5766    !!!scatter          c_w.l(__scatter.o)
    0x080002d4   0x080002d4   0x0000003a   Code   RO         5764    !!dczerorl          c_w.l(__dczerorl.o)
    0x0800030e   0x0800030e   0x00000002   PAD
    0x08000310   0x08000310   0x0000001c   Code   RO         5768    !!handler_zi        c_w.l(__scatter_zi.o)
    0x0800032c   0x0800032c   0x00000002   Code   RO         5632    .ARM.Collect$$libinit$$00000000  c_w.l(libinit.o)
    0x0800032e   0x0800032e   0x00000004   Code   RO         5644    .ARM.Collect$$libinit$$00000001  c_w.l(libinit2.o)
    0x08000332   0x08000332   0x00000000   Code   RO         5647    .ARM.Collect$$libinit$$00000004  c_w.l(libinit2.o)
    0x08000332   0x08000332   0x00000000   Code   RO         5650    .ARM.Collect$$libinit$$0000000A  c_w.l(libinit2.o)
    0x08000332   0x08000332   0x00000000   Code   RO         5652    .ARM.Collect$$libinit$$0000000C  c_w.l(libinit2.o)
    0x08000332   0x08000332   0x00000000   Code   RO         5654    .ARM.Collect$$libinit$$0000000E  c_w.l(libinit2.o)
    0x08000332   0x08000332   0x00000000   Code   RO         5657    .ARM.Collect$$libinit$$00000011  c_w.l(libinit2.o)
    0x08000332   0x08000332   0x00000000   Code   RO         5659    .ARM.Collect$$libinit$$00000013  c_w.l(libinit2.o)
    0x08000332   0x08000332   0x00000000   Code   RO         5661    .ARM.Collect$$libinit$$00000015  c_w.l(libinit2.o)
    0x08000332   0x08000332   0x00000000   Code   RO         5663    .ARM.Collect$$libinit$$00000017  c_w.l(libinit2.o)
    0x08000332   0x08000332   0x00000000   Code   RO         5665    .ARM.Collect$$libinit$$00000019  c_w.l(libinit2.o)
    0x08000332   0x08000332   0x00000000   Code   RO         5667    .ARM.Collect$$libinit$$0000001B  c_w.l(libinit2.o)
    0x08000332   0x08000332   0x00000000   Code   RO         5669    .ARM.Collect$$libinit$$0000001D  c_w.l(libinit2.o)
    0x08000332   0x08000332   0x00000000   Code   RO         5671    .ARM.Collect$$libinit$$0000001F  c_w.l(libinit2.o)
    0x08000332   0x08000332   0x00000000   Code   RO         5673    .ARM.Collect$$libinit$$00000021  c_w.l(libinit2.o)
    0x08000332   0x08000332   0x00000000   Code   RO         5675    .ARM.Collect$$libinit$$00000023  c_w.l(libinit2.o)
    0x08000332   0x08000332   0x00000000   Code   RO         5677    .ARM.Collect$$libinit$$00000025  c_w.l(libinit2.o)
    0x08000332   0x08000332   0x00000000   Code   RO         5681    .ARM.Collect$$libinit$$0000002C  c_w.l(libinit2.o)
    0x08000332   0x08000332   0x00000000   Code   RO         5683    .ARM.Collect$$libinit$$0000002E  c_w.l(libinit2.o)
    0x08000332   0x08000332   0x00000000   Code   RO         5685    .ARM.Collect$$libinit$$00000030  c_w.l(libinit2.o)
    0x08000332   0x08000332   0x00000000   Code   RO         5687    .ARM.Collect$$libinit$$00000032  c_w.l(libinit2.o)
    0x08000332   0x08000332   0x00000002   Code   RO         5688    .ARM.Collect$$libinit$$00000033  c_w.l(libinit2.o)
    0x08000334   0x08000334   0x00000002   Code   RO         5719    .ARM.Collect$$libshutdown$$00000000  c_w.l(libshutdown.o)
    0x08000336   0x08000336   0x00000000   Code   RO         5745    .ARM.Collect$$libshutdown$$00000002  c_w.l(libshutdown2.o)
    0x08000336   0x08000336   0x00000000   Code   RO         5747    .ARM.Collect$$libshutdown$$00000004  c_w.l(libshutdown2.o)
    0x08000336   0x08000336   0x00000000   Code   RO         5749    .ARM.Collect$$libshutdown$$00000006  c_w.l(libshutdown2.o)
    0x08000336   0x08000336   0x00000000   Code   RO         5752    .ARM.Collect$$libshutdown$$00000009  c_w.l(libshutdown2.o)
    0x08000336   0x08000336   0x00000000   Code   RO         5755    .ARM.Collect$$libshutdown$$0000000C  c_w.l(libshutdown2.o)
    0x08000336   0x08000336   0x00000000   Code   RO         5757    .ARM.Collect$$libshutdown$$0000000E  c_w.l(libshutdown2.o)
    0x08000336   0x08000336   0x00000000   Code   RO         5760    .ARM.Collect$$libshutdown$$00000011  c_w.l(libshutdown2.o)
    0x08000336   0x08000336   0x00000002   Code   RO         5761    .ARM.Collect$$libshutdown$$00000012  c_w.l(libshutdown2.o)
    0x08000338   0x08000338   0x00000000   Code   RO         5593    .ARM.Collect$$rtentry$$00000000  c_w.l(__rtentry.o)
    0x08000338   0x08000338   0x00000000   Code   RO         5603    .ARM.Collect$$rtentry$$00000002  c_w.l(__rtentry2.o)
    0x08000338   0x08000338   0x00000006   Code   RO         5615    .ARM.Collect$$rtentry$$00000004  c_w.l(__rtentry4.o)
    0x0800033e   0x0800033e   0x00000000   Code   RO         5605    .ARM.Collect$$rtentry$$00000009  c_w.l(__rtentry2.o)
    0x0800033e   0x0800033e   0x00000004   Code   RO         5606    .ARM.Collect$$rtentry$$0000000A  c_w.l(__rtentry2.o)
    0x08000342   0x08000342   0x00000000   Code   RO         5608    .ARM.Collect$$rtentry$$0000000C  c_w.l(__rtentry2.o)
    0x08000342   0x08000342   0x00000008   Code   RO         5609    .ARM.Collect$$rtentry$$0000000D  c_w.l(__rtentry2.o)
    0x0800034a   0x0800034a   0x00000002   Code   RO         5636    .ARM.Collect$$rtexit$$00000000  c_w.l(rtexit.o)
    0x0800034c   0x0800034c   0x00000000   Code   RO         5692    .ARM.Collect$$rtexit$$00000002  c_w.l(rtexit2.o)
    0x0800034c   0x0800034c   0x00000004   Code   RO         5693    .ARM.Collect$$rtexit$$00000003  c_w.l(rtexit2.o)
    0x08000350   0x08000350   0x00000006   Code   RO         5694    .ARM.Collect$$rtexit$$00000004  c_w.l(rtexit2.o)
    0x08000356   0x08000356   0x00000002   PAD
    0x08000358   0x08000358   0x000000be   Code   RO         5500    .emb_text           port.o
    0x08000416   0x08000416   0x00000002   PAD
    0x08000418   0x08000418   0x00000040   Code   RO            4    .text               startup_stm32h743xx.o
    0x08000458   0x08000458   0x000000ee   Code   RO         5579    .text               c_w.l(lludivv7m.o)
    0x08000546   0x08000546   0x0000008a   Code   RO         5581    .text               c_w.l(rt_memcpy_v6.o)
    0x080005d0   0x080005d0   0x00000010   Code   RO         5585    .text               c_w.l(aeabi_memset.o)
    0x080005e0   0x080005e0   0x0000004e   Code   RO         5587    .text               c_w.l(rt_memclr_w.o)
    0x0800062e   0x0800062e   0x00000006   Code   RO         5589    .text               c_w.l(heapauxi.o)
    0x08000634   0x08000634   0x00000064   Code   RO         5598    .text               c_w.l(rt_memcpy_w.o)
    0x08000698   0x08000698   0x00000044   Code   RO         5600    .text               c_w.l(rt_memclr.o)
    0x080006dc   0x080006dc   0x0000004a   Code   RO         5619    .text               c_w.l(sys_stackheap_outer.o)
    0x08000726   0x08000726   0x00000012   Code   RO         5621    .text               c_w.l(exit.o)
    0x08000738   0x08000738   0x00000008   Code   RO         5633    .text               c_w.l(libspace.o)
    0x08000740   0x08000740   0x0000000c   Code   RO         5689    .text               c_w.l(sys_exit.o)
    0x0800074c   0x0800074c   0x00000002   Code   RO         5708    .text               c_w.l(use_no_semi.o)
    0x0800074e   0x0800074e   0x00000000   Code   RO         5710    .text               c_w.l(indicate_semi.o)
    0x0800074e   0x0800074e   0x00000002   Code   RO          502    i.BusFault_Handler  stm32h7xx_it.o
    0x08000750   0x08000750   0x0000000c   Code   RO          503    i.DMA1_Stream0_IRQHandler  stm32h7xx_it.o
    0x0800075c   0x0800075c   0x0000000c   Code   RO          504    i.DMA1_Stream1_IRQHandler  stm32h7xx_it.o
    0x08000768   0x08000768   0x0000000c   Code   RO          505    i.DMA1_Stream2_IRQHandler  stm32h7xx_it.o
    0x08000774   0x08000774   0x0000000c   Code   RO          506    i.DMA1_Stream3_IRQHandler  stm32h7xx_it.o
    0x08000780   0x08000780   0x000000b4   Code   RO         1409    i.DMA_CalcBaseAndBitshift  stm32h7xx_hal_dma.o
    0x08000834   0x08000834   0x0000009c   Code   RO         1410    i.DMA_CalcDMAMUXChannelBaseAndMask  stm32h7xx_hal_dma.o
    0x080008d0   0x080008d0   0x00000074   Code   RO         1411    i.DMA_CalcDMAMUXRequestGenBaseAndMask  stm32h7xx_hal_dma.o
    0x08000944   0x08000944   0x00000054   Code   RO         1412    i.DMA_CheckFifoParam  stm32h7xx_hal_dma.o
    0x08000998   0x08000998   0x00000220   Code   RO         1413    i.DMA_SetConfig     stm32h7xx_hal_dma.o
    0x08000bb8   0x08000bb8   0x00000002   Code   RO          507    i.DebugMon_Handler  stm32h7xx_it.o
    0x08000bba   0x08000bba   0x00000002   Code   RO          266    i.Error_Handler     main.o
    0x08000bbc   0x08000bbc   0x00000284   Code   RO         1415    i.HAL_DMA_Abort_IT  stm32h7xx_hal_dma.o
    0x08000e40   0x08000e40   0x00000004   Code   RO         1417    i.HAL_DMA_GetError  stm32h7xx_hal_dma.o
    0x08000e44   0x08000e44   0x000006f0   Code   RO         1419    i.HAL_DMA_IRQHandler  stm32h7xx_hal_dma.o
    0x08001534   0x08001534   0x000003c4   Code   RO         1420    i.HAL_DMA_Init      stm32h7xx_hal_dma.o
    0x080018f8   0x080018f8   0x0000029c   Code   RO         1424    i.HAL_DMA_Start_IT  stm32h7xx_hal_dma.o
    0x08001b94   0x08001b94   0x00000230   Code   RO         1262    i.HAL_GPIO_Init     stm32h7xx_hal_gpio.o
    0x08001dc4   0x08001dc4   0x0000000a   Code   RO         1266    i.HAL_GPIO_WritePin  stm32h7xx_hal_gpio.o
    0x08001dce   0x08001dce   0x00000002   PAD
    0x08001dd0   0x08001dd0   0x0000000c   Code   RO         2138    i.HAL_GetREVID      stm32h7xx_hal.o
    0x08001ddc   0x08001ddc   0x0000000c   Code   RO         2139    i.HAL_GetTick       stm32h7xx_hal.o
    0x08001de8   0x08001de8   0x00000010   Code   RO         2145    i.HAL_IncTick       stm32h7xx_hal.o
    0x08001df8   0x08001df8   0x0000005c   Code   RO         2146    i.HAL_Init          stm32h7xx_hal.o
    0x08001e54   0x08001e54   0x00000040   Code   RO         2147    i.HAL_InitTick      stm32h7xx_hal.o
    0x08001e94   0x08001e94   0x0000001c   Code   RO          602    i.HAL_MspInit       stm32h7xx_hal_msp.o
    0x08001eb0   0x08001eb0   0x0000001a   Code   RO          632    i.HAL_NVIC_EnableIRQ  stm32h7xx_hal_cortex.o
    0x08001eca   0x08001eca   0x00000002   PAD
    0x08001ecc   0x08001ecc   0x00000040   Code   RO          638    i.HAL_NVIC_SetPriority  stm32h7xx_hal_cortex.o
    0x08001f0c   0x08001f0c   0x00000024   Code   RO          639    i.HAL_NVIC_SetPriorityGrouping  stm32h7xx_hal_cortex.o
    0x08001f30   0x08001f30   0x00000054   Code   RO         1863    i.HAL_PWREx_ConfigSupply  stm32h7xx_hal_pwr_ex.o
    0x08001f84   0x08001f84   0x00000024   Code   RO          883    i.HAL_RCCEx_GetD3PCLK1Freq  stm32h7xx_hal_rcc_ex.o
    0x08001fa8   0x08001fa8   0x00000144   Code   RO          885    i.HAL_RCCEx_GetPLL2ClockFreq  stm32h7xx_hal_rcc_ex.o
    0x080020ec   0x080020ec   0x00000144   Code   RO          886    i.HAL_RCCEx_GetPLL3ClockFreq  stm32h7xx_hal_rcc_ex.o
    0x08002230   0x08002230   0x000008ba   Code   RO          892    i.HAL_RCCEx_PeriphCLKConfig  stm32h7xx_hal_rcc_ex.o
    0x08002aea   0x08002aea   0x00000002   PAD
    0x08002aec   0x08002aec   0x0000025c   Code   RO          768    i.HAL_RCC_ClockConfig  stm32h7xx_hal_rcc.o
    0x08002d48   0x08002d48   0x00000044   Code   RO          773    i.HAL_RCC_GetHCLKFreq  stm32h7xx_hal_rcc.o
    0x08002d8c   0x08002d8c   0x00000024   Code   RO          775    i.HAL_RCC_GetPCLK1Freq  stm32h7xx_hal_rcc.o
    0x08002db0   0x08002db0   0x00000024   Code   RO          776    i.HAL_RCC_GetPCLK2Freq  stm32h7xx_hal_rcc.o
    0x08002dd4   0x08002dd4   0x00000138   Code   RO          777    i.HAL_RCC_GetSysClockFreq  stm32h7xx_hal_rcc.o
    0x08002f0c   0x08002f0c   0x00000508   Code   RO          780    i.HAL_RCC_OscConfig  stm32h7xx_hal_rcc.o
    0x08003414   0x08003414   0x00000002   Code   RO         3047    i.HAL_SPI_ErrorCallback  stm32h7xx_hal_spi.o
    0x08003416   0x08003416   0x00000002   PAD
    0x08003418   0x08003418   0x00000240   Code   RO         3050    i.HAL_SPI_IRQHandler  stm32h7xx_hal_spi.o
    0x08003658   0x08003658   0x00000140   Code   RO         3051    i.HAL_SPI_Init      stm32h7xx_hal_spi.o
    0x08003798   0x08003798   0x00000124   Code   RO          419    i.HAL_SPI_MspInit   spi.o
    0x080038bc   0x080038bc   0x00000188   Code   RO         3055    i.HAL_SPI_Receive_DMA  stm32h7xx_hal_spi.o
    0x08003a44   0x08003a44   0x00000030   Code   RO           13    i.HAL_SPI_RxCpltCallback  communication.o
    0x08003a74   0x08003a74   0x00000002   Code   RO         3058    i.HAL_SPI_RxHalfCpltCallback  stm32h7xx_hal_spi.o
    0x08003a76   0x08003a76   0x00000320   Code   RO         3060    i.HAL_SPI_TransmitReceive  stm32h7xx_hal_spi.o
    0x08003d96   0x08003d96   0x00000002   PAD
    0x08003d98   0x08003d98   0x000001f8   Code   RO         3061    i.HAL_SPI_TransmitReceive_DMA  stm32h7xx_hal_spi.o
    0x08003f90   0x08003f90   0x00000168   Code   RO         3063    i.HAL_SPI_Transmit_DMA  stm32h7xx_hal_spi.o
    0x080040f8   0x080040f8   0x00000064   Code   RO           14    i.HAL_SPI_TxCpltCallback  communication.o
    0x0800415c   0x0800415c   0x00000002   Code   RO         3066    i.HAL_SPI_TxHalfCpltCallback  stm32h7xx_hal_spi.o
    0x0800415e   0x0800415e   0x00000002   PAD
    0x08004160   0x08004160   0x00000030   Code   RO           15    i.HAL_SPI_TxRxCpltCallback  communication.o
    0x08004190   0x08004190   0x00000002   Code   RO         3068    i.HAL_SPI_TxRxHalfCpltCallback  stm32h7xx_hal_spi.o
    0x08004192   0x08004192   0x00000026   Code   RO          643    i.HAL_SYSTICK_Config  stm32h7xx_hal_cortex.o
    0x080041b8   0x080041b8   0x00000040   Code   RO         3801    i.HAL_UARTEx_DisableFifoMode  stm32h7xx_hal_uart_ex.o
    0x080041f8   0x080041f8   0x00000002   Code   RO         3805    i.HAL_UARTEx_RxFifoFullCallback  stm32h7xx_hal_uart_ex.o
    0x080041fa   0x080041fa   0x0000004c   Code   RO         3806    i.HAL_UARTEx_SetRxFifoThreshold  stm32h7xx_hal_uart_ex.o
    0x08004246   0x08004246   0x0000004c   Code   RO         3807    i.HAL_UARTEx_SetTxFifoThreshold  stm32h7xx_hal_uart_ex.o
    0x08004292   0x08004292   0x00000002   Code   RO         3809    i.HAL_UARTEx_TxFifoEmptyCallback  stm32h7xx_hal_uart_ex.o
    0x08004294   0x08004294   0x00000002   Code   RO         3810    i.HAL_UARTEx_WakeupCallback  stm32h7xx_hal_uart_ex.o
    0x08004296   0x08004296   0x00000002   Code   RO         3423    i.HAL_UART_ErrorCallback  stm32h7xx_hal_uart.o
    0x08004298   0x08004298   0x000001c0   Code   RO         3426    i.HAL_UART_IRQHandler  stm32h7xx_hal_uart.o
    0x08004458   0x08004458   0x0000006a   Code   RO         3427    i.HAL_UART_Init     stm32h7xx_hal_uart.o
    0x080044c2   0x080044c2   0x00000002   PAD
    0x080044c4   0x080044c4   0x000000e0   Code   RO          461    i.HAL_UART_MspInit  usart.o
    0x080045a4   0x080045a4   0x000000be   Code   RO         3436    i.HAL_UART_Transmit  stm32h7xx_hal_uart.o
    0x08004662   0x08004662   0x00000002   PAD
    0x08004664   0x08004664   0x00000018   Code   RO           17    i.HAL_UART_TxCpltCallback  communication.o
    0x0800467c   0x0800467c   0x00000002   Code   RO          508    i.HardFault_Handler  stm32h7xx_it.o
    0x0800467e   0x0800467e   0x00000002   PAD
    0x08004680   0x08004680   0x0000005c   Code   RO          394    i.MX_DMA_Init       dma.o
    0x080046dc   0x080046dc   0x00000020   Code   RO          351    i.MX_FREERTOS_Init  freertos.o
    0x080046fc   0x080046fc   0x00000114   Code   RO          323    i.MX_GPIO_Init      gpio.o
    0x08004810   0x08004810   0x00000068   Code   RO          420    i.MX_SPI1_Init      spi.o
    0x08004878   0x08004878   0x00000068   Code   RO          462    i.MX_USART3_UART_Init  usart.o
    0x080048e0   0x080048e0   0x00000002   Code   RO          509    i.MemManage_Handler  stm32h7xx_it.o
    0x080048e2   0x080048e2   0x00000002   Code   RO          510    i.NMI_Handler       stm32h7xx_it.o
    0x080048e4   0x080048e4   0x00000120   Code   RO          895    i.RCCEx_PLL2_Config  stm32h7xx_hal_rcc_ex.o
    0x08004a04   0x08004a04   0x00000120   Code   RO          896    i.RCCEx_PLL3_Config  stm32h7xx_hal_rcc_ex.o
    0x08004b24   0x08004b24   0x00000024   Code   RO           20    i.SCB_CleanDCache_by_Addr  communication.o
    0x08004b48   0x08004b48   0x00000024   Code   RO           21    i.SCB_InvalidateDCache_by_Addr  communication.o
    0x08004b6c   0x08004b6c   0x0000000c   Code   RO          511    i.SPI1_IRQHandler   stm32h7xx_it.o
    0x08004b78   0x08004b78   0x000000bc   Code   RO         3070    i.SPI_CloseTransfer  stm32h7xx_hal_spi.o
    0x08004c34   0x08004c34   0x0000001a   Code   RO         3071    i.SPI_DMAAbortOnError  stm32h7xx_hal_spi.o
    0x08004c4e   0x08004c4e   0x0000002c   Code   RO         3072    i.SPI_DMAError      stm32h7xx_hal_spi.o
    0x08004c7a   0x08004c7a   0x0000000a   Code   RO         3073    i.SPI_DMAHalfReceiveCplt  stm32h7xx_hal_spi.o
    0x08004c84   0x08004c84   0x0000000a   Code   RO         3074    i.SPI_DMAHalfTransmitCplt  stm32h7xx_hal_spi.o
    0x08004c8e   0x08004c8e   0x0000000a   Code   RO         3075    i.SPI_DMAHalfTransmitReceiveCplt  stm32h7xx_hal_spi.o
    0x08004c98   0x08004c98   0x00000028   Code   RO         3076    i.SPI_DMAReceiveCplt  stm32h7xx_hal_spi.o
    0x08004cc0   0x08004cc0   0x00000028   Code   RO         3078    i.SPI_DMATransmitCplt  stm32h7xx_hal_spi.o
    0x08004ce8   0x08004ce8   0x00000028   Code   RO         3079    i.SPI_DMATransmitReceiveCplt  stm32h7xx_hal_spi.o
    0x08004d10   0x08004d10   0x00000042   Code   RO         3087    i.SPI_WaitOnFlagUntilTimeout  stm32h7xx_hal_spi.o
    0x08004d52   0x08004d52   0x00000002   PAD
    0x08004d54   0x08004d54   0x00000164   Code   RO          352    i.StartDefaultTask  freertos.o
    0x08004eb8   0x08004eb8   0x00000018   Code   RO          512    i.SysTick_Handler   stm32h7xx_it.o
    0x08004ed0   0x08004ed0   0x000000b4   Code   RO          267    i.SystemClock_Config  main.o
    0x08004f84   0x08004f84   0x000000e4   Code   RO         3895    i.SystemInit        system_stm32h7xx.o
    0x08005068   0x08005068   0x00000064   Code   RO         3811    i.UARTEx_SetNbDataToProcess  stm32h7xx_hal_uart_ex.o
    0x080050cc   0x080050cc   0x000000c8   Code   RO         3441    i.UART_AdvFeatureConfig  stm32h7xx_hal_uart.o
    0x08005194   0x08005194   0x0000005e   Code   RO         3442    i.UART_CheckIdleState  stm32h7xx_hal_uart.o
    0x080051f2   0x080051f2   0x00000014   Code   RO         3443    i.UART_DMAAbortOnError  stm32h7xx_hal_uart.o
    0x08005206   0x08005206   0x00000002   PAD
    0x08005208   0x08005208   0x00000028   Code   RO         3453    i.UART_EndRxTransfer  stm32h7xx_hal_uart.o
    0x08005230   0x08005230   0x000003b0   Code   RO         3459    i.UART_SetConfig    stm32h7xx_hal_uart.o
    0x080055e0   0x080055e0   0x000000a4   Code   RO         3464    i.UART_WaitOnFlagUntilTimeout  stm32h7xx_hal_uart.o
    0x08005684   0x08005684   0x0000000c   Code   RO          513    i.USART3_IRQHandler  stm32h7xx_it.o
    0x08005690   0x08005690   0x00000002   Code   RO          514    i.UsageFault_Handler  stm32h7xx_it.o
    0x08005692   0x08005692   0x00000022   Code   RO          645    i.__NVIC_SetPriority  stm32h7xx_hal_cortex.o
    0x080056b4   0x080056b4   0x0000009c   Code   RO          268    i.main              main.o
    0x08005750   0x08005750   0x00000034   Code   RO         5021    i.osDelay           cmsis_os2.o
    0x08005784   0x08005784   0x00000038   Code   RO         5035    i.osKernelInitialize  cmsis_os2.o
    0x080057bc   0x080057bc   0x00000040   Code   RO         5038    i.osKernelStart     cmsis_os2.o
    0x080057fc   0x080057fc   0x000000a8   Code   RO         5071    i.osThreadNew       cmsis_os2.o
    0x080058a4   0x080058a4   0x0000005c   Code   RO         4502    i.prvAddCurrentTaskToDelayedList  tasks.o
    0x08005900   0x08005900   0x000000d0   Code   RO         4503    i.prvAddNewTaskToReadyList  tasks.o
    0x080059d0   0x080059d0   0x00000058   Code   RO         4855    i.prvCheckForValidListAndQueue  timers.o
    0x08005a28   0x08005a28   0x00000026   Code   RO         4099    i.prvCopyDataFromQueue  queue.o
    0x08005a4e   0x08005a4e   0x0000006c   Code   RO         4100    i.prvCopyDataToQueue  queue.o
    0x08005aba   0x08005aba   0x00000034   Code   RO         4504    i.prvDeleteTCB      tasks.o
    0x08005aee   0x08005aee   0x00000002   PAD
    0x08005af0   0x08005af0   0x00000050   Code   RO         5451    i.prvHeapInit       heap_4.o
    0x08005b40   0x08005b40   0x00000060   Code   RO         4505    i.prvIdleTask       tasks.o
    0x08005ba0   0x08005ba0   0x00000022   Code   RO         4102    i.prvInitialiseNewQueue  queue.o
    0x08005bc2   0x08005bc2   0x000000b0   Code   RO         4506    i.prvInitialiseNewTask  tasks.o
    0x08005c72   0x08005c72   0x00000002   PAD
    0x08005c74   0x08005c74   0x0000004c   Code   RO         5452    i.prvInsertBlockIntoFreeList  heap_4.o
    0x08005cc0   0x08005cc0   0x0000003c   Code   RO         4857    i.prvInsertTimerInActiveList  timers.o
    0x08005cfc   0x08005cfc   0x0000001c   Code   RO         4103    i.prvIsQueueEmpty   queue.o
    0x08005d18   0x08005d18   0x000000f8   Code   RO         4858    i.prvProcessReceivedCommands  timers.o
    0x08005e10   0x08005e10   0x000000c0   Code   RO         4859    i.prvProcessTimerOrBlockTask  timers.o
    0x08005ed0   0x08005ed0   0x00000020   Code   RO         4508    i.prvResetNextTaskUnblockTime  tasks.o
    0x08005ef0   0x08005ef0   0x00000028   Code   RO         4860    i.prvSampleTimeNow  timers.o
    0x08005f18   0x08005f18   0x0000006c   Code   RO         4861    i.prvSwitchTimerLists  timers.o
    0x08005f84   0x08005f84   0x00000028   Code   RO         5501    i.prvTaskExitError  port.o
    0x08005fac   0x08005fac   0x00000024   Code   RO         4862    i.prvTimerTask      timers.o
    0x08005fd0   0x08005fd0   0x0000006a   Code   RO         4104    i.prvUnlockQueue    queue.o
    0x0800603a   0x0800603a   0x00000002   PAD
    0x0800603c   0x0800603c   0x000000d8   Code   RO         5453    i.pvPortMalloc      heap_4.o
    0x08006114   0x08006114   0x00000030   Code   RO         5502    i.pxPortInitialiseStack  port.o
    0x08006144   0x08006144   0x00000026   Code   RO         4059    i.uxListRemove      list.o
    0x0800616a   0x0800616a   0x00000002   PAD
    0x0800616c   0x0800616c   0x00000018   Code   RO         5083    i.vApplicationGetIdleTaskMemory  cmsis_os2.o
    0x08006184   0x08006184   0x00000018   Code   RO         5084    i.vApplicationGetTimerTaskMemory  cmsis_os2.o
    0x0800619c   0x0800619c   0x00000016   Code   RO         4060    i.vListInitialise   list.o
    0x080061b2   0x080061b2   0x00000006   Code   RO         4061    i.vListInitialiseItem  list.o
    0x080061b8   0x080061b8   0x00000030   Code   RO         4062    i.vListInsert       list.o
    0x080061e8   0x080061e8   0x00000018   Code   RO         4063    i.vListInsertEnd    list.o
    0x08006200   0x08006200   0x00000040   Code   RO         5504    i.vPortEnterCritical  port.o
    0x08006240   0x08006240   0x00000028   Code   RO         5505    i.vPortExitCritical  port.o
    0x08006268   0x08006268   0x0000005c   Code   RO         5454    i.vPortFree         heap_4.o
    0x080062c4   0x080062c4   0x00000024   Code   RO         5506    i.vPortSetupTimerInterrupt  port.o
    0x080062e8   0x080062e8   0x00000054   Code   RO         5507    i.vPortValidateInterruptPriority  port.o
    0x0800633c   0x0800633c   0x00000028   Code   RO         4110    i.vQueueAddToRegistry  queue.o
    0x08006364   0x08006364   0x00000044   Code   RO         4114    i.vQueueWaitForMessageRestricted  queue.o
    0x080063a8   0x080063a8   0x0000004c   Code   RO         4520    i.vTaskDelay        tasks.o
    0x080063f4   0x080063f4   0x00000010   Code   RO         4525    i.vTaskInternalSetTimeOutState  tasks.o
    0x08006404   0x08006404   0x0000000c   Code   RO         4526    i.vTaskMissedYield  tasks.o
    0x08006410   0x08006410   0x00000030   Code   RO         4528    i.vTaskPlaceOnEventList  tasks.o
    0x08006440   0x08006440   0x00000038   Code   RO         4529    i.vTaskPlaceOnEventListRestricted  tasks.o
    0x08006478   0x08006478   0x00000088   Code   RO         4537    i.vTaskStartScheduler  tasks.o
    0x08006500   0x08006500   0x00000010   Code   RO         4539    i.vTaskSuspendAll   tasks.o
    0x08006510   0x08006510   0x00000064   Code   RO         4540    i.vTaskSwitchContext  tasks.o
    0x08006574   0x08006574   0x000000f4   Code   RO         5508    i.xPortStartScheduler  port.o
    0x08006668   0x08006668   0x0000002c   Code   RO         5509    i.xPortSysTickHandler  port.o
    0x08006694   0x08006694   0x00000066   Code   RO         4120    i.xQueueGenericCreateStatic  queue.o
    0x080066fa   0x080066fa   0x00000002   PAD
    0x080066fc   0x080066fc   0x00000094   Code   RO         4121    i.xQueueGenericReset  queue.o
    0x08006790   0x08006790   0x00000160   Code   RO         4122    i.xQueueGenericSend  queue.o
    0x080068f0   0x080068f0   0x000000bc   Code   RO         4123    i.xQueueGenericSendFromISR  queue.o
    0x080069ac   0x080069ac   0x0000013c   Code   RO         4132    i.xQueueReceive     queue.o
    0x08006ae8   0x08006ae8   0x00000078   Code   RO         4541    i.xTaskCheckForTimeOut  tasks.o
    0x08006b60   0x08006b60   0x0000005a   Code   RO         4542    i.xTaskCreate       tasks.o
    0x08006bba   0x08006bba   0x00000056   Code   RO         4543    i.xTaskCreateStatic  tasks.o
    0x08006c10   0x08006c10   0x0000001c   Code   RO         4547    i.xTaskGetSchedulerState  tasks.o
    0x08006c2c   0x08006c2c   0x0000000c   Code   RO         4548    i.xTaskGetTickCount  tasks.o
    0x08006c38   0x08006c38   0x000000c8   Code   RO         4550    i.xTaskIncrementTick  tasks.o
    0x08006d00   0x08006d00   0x0000007c   Code   RO         4553    i.xTaskPriorityDisinherit  tasks.o
    0x08006d7c   0x08006d7c   0x00000070   Code   RO         4555    i.xTaskRemoveFromEventList  tasks.o
    0x08006dec   0x08006dec   0x000000c4   Code   RO         4556    i.xTaskResumeAll    tasks.o
    0x08006eb0   0x08006eb0   0x00000060   Code   RO         4870    i.xTimerCreateTimerTask  timers.o
    0x08006f10   0x08006f10   0x00000068   Code   RO         4871    i.xTimerGenericCommand  timers.o
    0x08006f78   0x08006f78   0x0000000a   Code   RO         5704    x$fpl$fpinit        fz_wv.l(fpinit.o)
    0x08006f82   0x08006f82   0x00000002   PAD
    0x08006f84   0x08006f84   0x00000024   Data   RO          353    .constdata          freertos.o
    0x08006fa8   0x08006fa8   0x00000008   Data   RO         1426    .constdata          stm32h7xx_hal_dma.o
    0x08006fb0   0x08006fb0   0x00000018   Data   RO         3465    .constdata          stm32h7xx_hal_uart.o
    0x08006fc8   0x08006fc8   0x00000010   Data   RO         3896    .constdata          system_stm32h7xx.o
    0x08006fd8   0x08006fd8   0x0000000c   Data   RO          354    .conststring        freertos.o
    0x08006fe4   0x08006fe4   0x00000020   Data   RO         5762    Region$$Table       anon$$obj.o


    Execution Region RW_IRAM1 (Exec base: 0x20000000, Load base: 0x08007004, Size: 0x00000000, Max: 0x00020000, ABSOLUTE)

    **** No section assigned to this execution region ****


    Execution Region RW_IRAM2 (Exec base: 0x24000000, Load base: 0x08007004, Size: 0x0000afe0, Max: 0x00080000, ABSOLUTE, COMPRESSED[0x0000001c])

    Exec Addr    Load Addr    Size         Type   Attr      Idx    E Section Name        Object

    0x24000000   COMPRESSED   0x00000320   Data   RW           25    .SRAM               communication.o
    0x24000320   COMPRESSED   0x00000006   Data   RW           28    .data               communication.o
    0x24000326   COMPRESSED   0x00000002   PAD
    0x24000328   COMPRESSED   0x00000004   Data   RW          355    .data               freertos.o
    0x2400032c   COMPRESSED   0x0000000c   Data   RW         2168    .data               stm32h7xx_hal.o
    0x24000338   COMPRESSED   0x00000008   Data   RW         3897    .data               system_stm32h7xx.o
    0x24000340   COMPRESSED   0x0000003c   Data   RW         4559    .data               tasks.o
    0x2400037c   COMPRESSED   0x00000014   Data   RW         4879    .data               timers.o
    0x24000390   COMPRESSED   0x00000004   Data   RW         5086    .data               cmsis_os2.o
    0x24000394   COMPRESSED   0x00000018   Data   RW         5459    .data               heap_4.o
    0x240003ac   COMPRESSED   0x0000000c   Data   RW         5510    .data               port.o
    0x240003b8        -       0x00000178   Zero   RW          421    .bss                spi.o
    0x24000530        -       0x0000017c   Zero   RW          463    .bss                usart.o
    0x240006ac        -       0x00000040   Zero   RW         4136    .bss                queue.o
    0x240006ec        -       0x000004c4   Zero   RW         4558    .bss                tasks.o
    0x24000bb0        -       0x00000118   Zero   RW         4878    .bss                timers.o
    0x24000cc8        -       0x000006b8   Zero   RW         5085    .bss                cmsis_os2.o
    0x24001380        -       0x00003c00   Zero   RW         5458    .bss                heap_4.o
    0x24004f80        -       0x00000060   Zero   RW         5634    .bss                c_w.l(libspace.o)
    0x24004fe0        -       0x00002000   Zero   RW            2    HEAP                startup_stm32h743xx.o
    0x24006fe0        -       0x00004000   Zero   RW            1    STACK               startup_stm32h743xx.o


==============================================================================

Image component sizes


      Code (inc. data)   RO Data    RW Data    ZI Data      Debug   Object Name

       388         30          0          4       1720      30318   cmsis_os2.o
       292         68          0        806          0    1294705   communication.o
        92          4          0          0          0        898   dma.o
         0          0          0          0          0      18260   event_groups.o
       388         28         48          4          0       2437   freertos.o
       276         22          0          0          0       1163   gpio.o
       464         24          0         24      15360       4819   heap_4.o
       138          0          0          0          0       3606   list.o
       338         18          0          0          0      37531   main.o
       790         84          0         12          0      11589   port.o
      1528         22          0          0         64      17372   queue.o
       396         34          0          0        376       2055   spi.o
        64         26        664          0      24576        832   startup_stm32h743xx.o
       196         40          0         12          0      22712   stm32h7xx_hal.o
       198         12          0          0          0      38915   stm32h7xx_hal_cortex.o
      5136        218          8          0          0      11265   stm32h7xx_hal_dma.o
       570         50          0          0          0       2672   stm32h7xx_hal_gpio.o
        28          6          0          0          0        910   stm32h7xx_hal_msp.o
        84          6          0          0          0        777   stm32h7xx_hal_pwr_ex.o
      2344        108          0          0          0       7040   stm32h7xx_hal_rcc.o
      3494        114          0          0          0       7841   stm32h7xx_hal_rcc_ex.o
      3434         64          0          0          0      17866   stm32h7xx_hal_spi.o
      2208        126         24          0          0      28845   stm32h7xx_hal_uart.o
       322         18          0          0          0       5410   stm32h7xx_hal_uart_ex.o
       108         36          0          0          0       6009   stm32h7xx_it.o
         0          0          0          0          0        392   stream_buffer.o
       228         40         16          8          0       1506   system_stm32h7xx.o
      2084        164          0         60       1220      26720   tasks.o
       972         84          0         20        280      31875   timers.o
       328         32          0          0        380       2024   usart.o

    ----------------------------------------------------------------------
     26922       1478        792        952      43976    1638364   Object Totals
         0          0         32          0          0          0   (incl. Generated)
        34          0          0          2          0          0   (incl. Padding)

    ----------------------------------------------------------------------

      Code (inc. data)   RO Data    RW Data    ZI Data      Debug   Library Member Name

        58          0          0          0          0          0   __dczerorl.o
         8          0          0          0          0         68   __main.o
         0          0          0          0          0          0   __rtentry.o
        12          0          0          0          0          0   __rtentry2.o
         6          0          0          0          0          0   __rtentry4.o
        52          8          0          0          0          0   __scatter.o
        28          0          0          0          0          0   __scatter_zi.o
        16          0          0          0          0         68   aeabi_memset.o
        18          0          0          0          0         80   exit.o
         6          0          0          0          0        152   heapauxi.o
         0          0          0          0          0          0   indicate_semi.o
         2          0          0          0          0          0   libinit.o
         6          0          0          0          0          0   libinit2.o
         2          0          0          0          0          0   libshutdown.o
         2          0          0          0          0          0   libshutdown2.o
         8          4          0          0         96         68   libspace.o
       238          0          0          0          0        100   lludivv7m.o
        68          0          0          0          0         68   rt_memclr.o
        78          0          0          0          0         80   rt_memclr_w.o
       138          0          0          0          0         68   rt_memcpy_v6.o
       100          0          0          0          0         80   rt_memcpy_w.o
         2          0          0          0          0          0   rtexit.o
        10          0          0          0          0          0   rtexit2.o
        12          4          0          0          0         68   sys_exit.o
        74          0          0          0          0         80   sys_stackheap_outer.o
         2          0          0          0          0         68   use_no_semi.o
        10          0          0          0          0        116   fpinit.o

    ----------------------------------------------------------------------
       962         16          0          0         96       1164   Library Totals
         6          0          0          0          0          0   (incl. Padding)

    ----------------------------------------------------------------------

      Code (inc. data)   RO Data    RW Data    ZI Data      Debug   Library Name

       946         16          0          0         96       1048   c_w.l
        10          0          0          0          0        116   fz_wv.l

    ----------------------------------------------------------------------
       962         16          0          0         96       1164   Library Totals

    ----------------------------------------------------------------------

==============================================================================


      Code (inc. data)   RO Data    RW Data    ZI Data      Debug   

     27884       1494        792        952      44072    1622860   Grand Totals
     27884       1494        792         28      44072    1622860   ELF Image Totals (compressed)
     27884       1494        792         28          0          0   ROM Totals

==============================================================================

    Total RO  Size (Code + RO Data)                28676 (  28.00kB)
    Total RW  Size (RW Data + ZI Data)             45024 (  43.97kB)
    Total ROM Size (Code + RO Data + RW Data)      28704 (  28.03kB)

==============================================================================

